2026-04-28T10:34:47.161-03:00  INFO 2320 --- [produto1-2026] [main] b.i.p.Produto12026Application            : Starting Produto12026Application using Java 25.0.2 with PID 2320 (C:\Users\Petricks\Documents\graduacao\7periodo\back-end\produto1-2026\target\classes started by Petricks in C:\Users\Petricks\Documents\graduacao\7periodo\back-end\produto1-2026)
2026-04-28T10:34:47.168-03:00  INFO 2320 --- [produto1-2026] [main] b.i.p.Produto12026Application            : The following 1 profile is active: "dev"
2026-04-28T10:34:48.210-03:00  INFO 2320 --- [produto1-2026] [main] .s.d.r.c.RepositoryConfigurationDelegate : Bootstrapping Spring Data JPA repositories in DEFAULT mode.
2026-04-28T10:34:48.292-03:00  INFO 2320 --- [produto1-2026] [main] .s.d.r.c.RepositoryConfigurationDelegate : Finished Spring Data repository scanning in 71 ms. Found 4 JPA repository interfaces.
2026-04-28T10:34:48.890-03:00  INFO 2320 --- [produto1-2026] [main] o.s.b.w.embedded.tomcat.TomcatWebServer  : Tomcat initialized with port 8080 (http)
2026-04-28T10:34:48.910-03:00  INFO 2320 --- [produto1-2026] [main] o.apache.catalina.core.StandardService   : Starting service [Tomcat]
2026-04-28T10:34:48.910-03:00  INFO 2320 --- [produto1-2026] [main] o.apache.catalina.core.StandardEngine    : Starting Servlet engine: [Apache Tomcat/10.1.52]
2026-04-28T10:34:49.013-03:00  INFO 2320 --- [produto1-2026] [main] o.a.c.c.C.[Tomcat].[localhost].[/]       : Initializing Spring embedded WebApplicationContext
2026-04-28T10:34:49.013-03:00  INFO 2320 --- [produto1-2026] [main] w.s.c.ServletWebServerApplicationContext : Root WebApplicationContext: initialization completed in 1778 ms
2026-04-28T10:34:49.176-03:00  INFO 2320 --- [produto1-2026] [main] com.zaxxer.hikari.HikariDataSource       : HikariPool-1 - Starting...
2026-04-28T10:34:49.383-03:00  INFO 2320 --- [produto1-2026] [main] com.zaxxer.hikari.pool.HikariPool        : HikariPool-1 - Added connection conn0: url=jdbc:h2:mem:testdb user=SA
2026-04-28T10:34:49.386-03:00  INFO 2320 --- [produto1-2026] [main] com.zaxxer.hikari.HikariDataSource       : HikariPool-1 - Start completed.
2026-04-28T10:34:49.435-03:00  INFO 2320 --- [produto1-2026] [main] o.hibernate.jpa.internal.util.LogHelper  : HHH000204: Processing PersistenceUnitInfo [name: default]
2026-04-28T10:34:49.491-03:00  INFO 2320 --- [produto1-2026] [main] org.hibernate.Version                    : HHH000412: Hibernate ORM core version 6.6.42.Final
2026-04-28T10:34:49.525-03:00  INFO 2320 --- [produto1-2026] [main] o.h.c.internal.RegionFactoryInitiator    : HHH000026: Second-level cache disabled
2026-04-28T10:34:49.860-03:00  INFO 2320 --- [produto1-2026] [main] o.s.o.j.p.SpringPersistenceUnitInfo      : No LoadTimeWeaver setup: ignoring JPA class transformer
2026-04-28T10:34:49.970-03:00  INFO 2320 --- [produto1-2026] [main] org.hibernate.orm.connections.pooling    : HHH10001005: Database info:
	Database JDBC URL [Connecting through datasource 'HikariDataSource (HikariPool-1)']
	Database driver: undefined/unknown
	Database version: 2.3.232
	Autocommit mode: undefined/unknown
	Isolation level: undefined/unknown
	Minimum pool size: undefined/unknown
	Maximum pool size: undefined/unknown
2026-04-28T10:34:51.179-03:00  INFO 2320 --- [produto1-2026] [main] o.h.e.t.j.p.i.JtaPlatformInitiator       : HHH000489: No JTA platform available (set 'hibernate.transaction.jta.platform' to enable JTA platform integration)
2026-04-28T10:34:51.260-03:00  INFO 2320 --- [produto1-2026] [main] j.LocalContainerEntityManagerFactoryBean : Initialized JPA EntityManagerFactory for persistence unit 'default'
2026-04-28T10:34:52.200-03:00  INFO 2320 --- [produto1-2026] [main] o.s.b.a.h2.H2ConsoleAutoConfiguration    : H2 console available at '/h2-console'. Database available at 'jdbc:h2:mem:testdb'
2026-04-28T10:34:52.310-03:00  INFO 2320 --- [produto1-2026] [main] o.s.b.w.embedded.tomcat.TomcatWebServer  : Tomcat started on port 8080 (http) with context path '/'
2026-04-28T10:34:52.321-03:00  INFO 2320 --- [produto1-2026] [main] b.i.p.Produto12026Application            : Started Produto12026Application in 5.781 seconds (process running for 6.576)
2026-04-28T10:34:52.324-03:00  WARN 2320 --- [produto1-2026] [main] o.s.core.events.SpringDocAppInitializer  : SpringDoc /api-docs endpoint is enabled by default. To disable it in production, set the property 'springdoc.api-docs.enabled=false'
2026-04-28T10:34:52.324-03:00  WARN 2320 --- [produto1-2026] [main] o.s.core.events.SpringDocAppInitializer  : SpringDoc /swagger-ui.html endpoint is enabled by default. To disable it in production, set the property 'springdoc.swagger-ui.enabled=false'
2026-04-28T10:35:21.279-03:00  INFO 2320 --- [produto1-2026] [SpringApplicationShutdownHook] o.s.b.w.e.tomcat.GracefulShutdown        : Commencing graceful shutdown. Waiting for active requests to complete
2026-04-28T10:35:21.299-03:00  INFO 2320 --- [produto1-2026] [tomcat-shutdown] o.s.b.w.e.tomcat.GracefulShutdown        : Graceful shutdown complete
2026-04-28T10:35:21.309-03:00  INFO 2320 --- [produto1-2026] [SpringApplicationShutdownHook] j.LocalContainerEntityManagerFactoryBean : Closing JPA EntityManagerFactory for persistence unit 'default'
2026-04-28T10:35:21.320-03:00  INFO 2320 --- [produto1-2026] [SpringApplicationShutdownHook] com.zaxxer.hikari.HikariDataSource       : HikariPool-1 - Shutdown initiated...
2026-04-28T10:35:21.323-03:00  INFO 2320 --- [produto1-2026] [SpringApplicationShutdownHook] com.zaxxer.hikari.HikariDataSource       : HikariPool-1 - Shutdown completed.
