2026-05-15 10:26:10.347 [background-preinit] INFO  >>> o.h.validator.internal.util.Version - HV000001: Hibernate Validator 8.0.3.Final
2026-05-15 10:26:10.438 [main] INFO  >>> b.i.p.Produto12026Application - Starting Produto12026Application using Java 25.0.2 with PID 18104 (C:\Users\Petricks\Documents\graduacao\7periodo\back-end\produto1-2026\target\classes started by Petricks in C:\Users\Petricks\Documents\graduacao\7periodo\back-end\produto1-2026)
2026-05-15 10:26:10.439 [main] INFO  >>> b.i.p.Produto12026Application - The following 1 profile is active: "prod"
2026-05-15 10:26:13.594 [main] INFO  >>> o.a.coyote.http11.Http11NioProtocol - Initializing ProtocolHandler ["http-nio-8080"]
2026-05-15 10:26:13.597 [main] INFO  >>> o.a.catalina.core.StandardService - Starting service [Tomcat]
2026-05-15 10:26:13.598 [main] INFO  >>> o.a.catalina.core.StandardEngine - Starting Servlet engine: [Apache Tomcat/10.1.52]
2026-05-15 10:26:13.721 [main] INFO  >>> o.a.c.c.C.[Tomcat].[localhost].[/] - Initializing Spring embedded WebApplicationContext
2026-05-15 10:26:14.041 [main] INFO  >>> com.zaxxer.hikari.HikariDataSource - HikariPool-1 - Starting...
2026-05-15 10:26:14.548 [main] INFO  >>> com.zaxxer.hikari.pool.HikariPool - HikariPool-1 - Added connection conn0: url=jdbc:h2:mem:testdb user=SA
2026-05-15 10:26:14.552 [main] INFO  >>> com.zaxxer.hikari.HikariDataSource - HikariPool-1 - Start completed.
2026-05-15 10:26:14.632 [main] INFO  >>> o.h.jpa.internal.util.LogHelper - HHH000204: Processing PersistenceUnitInfo [name: default]
2026-05-15 10:26:14.747 [main] INFO  >>> org.hibernate.Version - HHH000412: Hibernate ORM core version 6.6.42.Final
2026-05-15 10:26:14.834 [main] INFO  >>> o.h.c.i.RegionFactoryInitiator - HHH000026: Second-level cache disabled
2026-05-15 10:26:16.018 [main] INFO  >>> o.hibernate.orm.connections.pooling - HHH10001005: Database info:
	Database JDBC URL [Connecting through datasource 'HikariDataSource (HikariPool-1)']
	Database driver: undefined/unknown
	Database version: 2.3.232
	Autocommit mode: undefined/unknown
	Isolation level: undefined/unknown
	Minimum pool size: undefined/unknown
	Maximum pool size: undefined/unknown
2026-05-15 10:26:19.331 [main] INFO  >>> o.h.m.i.EntityInstantiatorPojoStandard - HHH000182: No default (no-argument) constructor for class: br.ifmg.produto1_2026.entities.Role (class must be instantiated by Interceptor)
2026-05-15 10:26:20.207 [main] INFO  >>> o.h.e.t.j.p.i.JtaPlatformInitiator - HHH000489: No JTA platform available (set 'hibernate.transaction.jta.platform' to enable JTA platform integration)
2026-05-15 10:26:20.556 [main] WARN  >>> o.s.b.w.s.c.AnnotationConfigServletWebServerApplicationContext - Exception encountered during context initialization - cancelling refresh attempt: org.springframework.beans.factory.UnsatisfiedDependencyException: Error creating bean with name 'authorizationServerConfig': Unsatisfied dependency expressed through field 'jwtDurationSeconds': Failed to convert value of type 'java.lang.String' to required type 'java.lang.Integer'; For input string: "{JWT_DURATION:86400}"
2026-05-15 10:26:20.594 [main] INFO  >>> com.zaxxer.hikari.HikariDataSource - HikariPool-1 - Shutdown initiated...
2026-05-15 10:26:20.601 [main] INFO  >>> com.zaxxer.hikari.HikariDataSource - HikariPool-1 - Shutdown completed.
2026-05-15 10:26:20.610 [main] INFO  >>> o.a.catalina.core.StandardService - Stopping service [Tomcat]
2026-05-15 10:26:20.787 [main] ERROR >>> o.s.boot.SpringApplication - Application run failed
org.springframework.beans.factory.UnsatisfiedDependencyException: Error creating bean with name 'authorizationServerConfig': Unsatisfied dependency expressed through field 'jwtDurationSeconds': Failed to convert value of type 'java.lang.String' to required type 'java.lang.Integer'; For input string: "{JWT_DURATION:86400}"
	at org.springframework.beans.factory.annotation.AutowiredAnnotationBeanPostProcessor$AutowiredFieldElement.resolveFieldValue(AutowiredAnnotationBeanPostProcessor.java:787)
	at org.springframework.beans.factory.annotation.AutowiredAnnotationBeanPostProcessor$AutowiredFieldElement.inject(AutowiredAnnotationBeanPostProcessor.java:767)
	at org.springframework.beans.factory.annotation.InjectionMetadata.inject(InjectionMetadata.java:146)
	at org.springframework.beans.factory.annotation.AutowiredAnnotationBeanPostProcessor.postProcessProperties(AutowiredAnnotationBeanPostProcessor.java:509)
	at org.springframework.beans.factory.support.AbstractAutowireCapableBeanFactory.populateBean(AbstractAutowireCapableBeanFactory.java:1459)
	at org.springframework.beans.factory.support.AbstractAutowireCapableBeanFactory.doCreateBean(AbstractAutowireCapableBeanFactory.java:606)
	at org.springframework.beans.factory.support.AbstractAutowireCapableBeanFactory.createBean(AbstractAutowireCapableBeanFactory.java:529)
	at org.springframework.beans.factory.support.AbstractBeanFactory.lambda$doGetBean$0(AbstractBeanFactory.java:339)
	at org.springframework.beans.factory.support.DefaultSingletonBeanRegistry.getSingleton(DefaultSingletonBeanRegistry.java:373)
	at org.springframework.beans.factory.support.AbstractBeanFactory.doGetBean(AbstractBeanFactory.java:337)
	at org.springframework.beans.factory.support.AbstractBeanFactory.getBean(AbstractBeanFactory.java:202)
	at org.springframework.beans.factory.support.DefaultListableBeanFactory.instantiateSingleton(DefaultListableBeanFactory.java:1228)
	at org.springframework.beans.factory.support.DefaultListableBeanFactory.preInstantiateSingleton(DefaultListableBeanFactory.java:1194)
	at org.springframework.beans.factory.support.DefaultListableBeanFactory.preInstantiateSingletons(DefaultListableBeanFactory.java:1130)
	at org.springframework.context.support.AbstractApplicationContext.finishBeanFactoryInitialization(AbstractApplicationContext.java:991)
	at org.springframework.context.support.AbstractApplicationContext.refresh(AbstractApplicationContext.java:628)
	at org.springframework.boot.web.servlet.context.ServletWebServerApplicationContext.refresh(ServletWebServerApplicationContext.java:146)
	at org.springframework.boot.SpringApplication.refresh(SpringApplication.java:752)
	at org.springframework.boot.SpringApplication.refreshContext(SpringApplication.java:439)
	at org.springframework.boot.SpringApplication.run(SpringApplication.java:318)
	at org.springframework.boot.SpringApplication.run(SpringApplication.java:1361)
	at org.springframework.boot.SpringApplication.run(SpringApplication.java:1350)
	at br.ifmg.produto1_2026.Produto12026Application.main(Produto12026Application.java:16)
Caused by: org.springframework.beans.TypeMismatchException: Failed to convert value of type 'java.lang.String' to required type 'java.lang.Integer'; For input string: "{JWT_DURATION:86400}"
	at org.springframework.beans.TypeConverterSupport.convertIfNecessary(TypeConverterSupport.java:87)
	at org.springframework.beans.TypeConverterSupport.convertIfNecessary(TypeConverterSupport.java:71)
	at org.springframework.beans.factory.support.DefaultListableBeanFactory.doResolveDependency(DefaultListableBeanFactory.java:1682)
	at org.springframework.beans.factory.support.DefaultListableBeanFactory.resolveDependency(DefaultListableBeanFactory.java:1653)
	at org.springframework.beans.factory.annotation.AutowiredAnnotationBeanPostProcessor$AutowiredFieldElement.resolveFieldValue(AutowiredAnnotationBeanPostProcessor.java:784)
	... 22 common frames omitted
Caused by: java.lang.NumberFormatException: For input string: "{JWT_DURATION:86400}"
	at java.base/java.lang.NumberFormatException.forInputString(NumberFormatException.java:67)
	at java.base/java.lang.Integer.parseInt(Integer.java:565)
	at java.base/java.lang.Integer.valueOf(Integer.java:912)
	at org.springframework.util.NumberUtils.parseNumber(NumberUtils.java:201)
	at org.springframework.beans.propertyeditors.CustomNumberEditor.setAsText(CustomNumberEditor.java:115)
	at org.springframework.beans.TypeConverterDelegate.doConvertTextValue(TypeConverterDelegate.java:439)
	at org.springframework.beans.TypeConverterDelegate.doConvertValue(TypeConverterDelegate.java:412)
	at org.springframework.beans.TypeConverterDelegate.convertIfNecessary(TypeConverterDelegate.java:161)
	at org.springframework.beans.TypeConverterSupport.convertIfNecessary(TypeConverterSupport.java:80)
	... 26 common frames omitted
2026-05-15 10:31:18.937 [background-preinit] INFO  >>> o.h.validator.internal.util.Version - HV000001: Hibernate Validator 8.0.3.Final
2026-05-15 10:31:19.023 [main] INFO  >>> b.i.p.Produto12026Application - Starting Produto12026Application using Java 25.0.2 with PID 25544 (C:\Users\Petricks\Documents\graduacao\7periodo\back-end\produto1-2026\target\classes started by Petricks in C:\Users\Petricks\Documents\graduacao\7periodo\back-end\produto1-2026)
2026-05-15 10:31:19.024 [main] INFO  >>> b.i.p.Produto12026Application - The following 1 profile is active: "prod"
2026-05-15 10:31:23.025 [main] INFO  >>> o.a.coyote.http11.Http11NioProtocol - Initializing ProtocolHandler ["http-nio-8080"]
2026-05-15 10:31:23.034 [main] INFO  >>> o.a.catalina.core.StandardService - Starting service [Tomcat]
2026-05-15 10:31:23.034 [main] INFO  >>> o.a.catalina.core.StandardEngine - Starting Servlet engine: [Apache Tomcat/10.1.52]
2026-05-15 10:31:23.276 [main] INFO  >>> o.a.c.c.C.[Tomcat].[localhost].[/] - Initializing Spring embedded WebApplicationContext
2026-05-15 10:31:23.992 [main] INFO  >>> com.zaxxer.hikari.HikariDataSource - HikariPool-1 - Starting...
2026-05-15 10:31:24.752 [main] INFO  >>> com.zaxxer.hikari.pool.HikariPool - HikariPool-1 - Added connection conn0: url=jdbc:h2:mem:testdb user=SA
2026-05-15 10:31:24.759 [main] INFO  >>> com.zaxxer.hikari.HikariDataSource - HikariPool-1 - Start completed.
2026-05-15 10:31:24.883 [main] INFO  >>> o.h.jpa.internal.util.LogHelper - HHH000204: Processing PersistenceUnitInfo [name: default]
2026-05-15 10:31:25.081 [main] INFO  >>> org.hibernate.Version - HHH000412: Hibernate ORM core version 6.6.42.Final
2026-05-15 10:31:25.215 [main] INFO  >>> o.h.c.i.RegionFactoryInitiator - HHH000026: Second-level cache disabled
2026-05-15 10:31:26.971 [main] INFO  >>> o.hibernate.orm.connections.pooling - HHH10001005: Database info:
	Database JDBC URL [Connecting through datasource 'HikariDataSource (HikariPool-1)']
	Database driver: undefined/unknown
	Database version: 2.3.232
	Autocommit mode: undefined/unknown
	Isolation level: undefined/unknown
	Minimum pool size: undefined/unknown
	Maximum pool size: undefined/unknown
2026-05-15 10:31:29.850 [main] INFO  >>> o.h.m.i.EntityInstantiatorPojoStandard - HHH000182: No default (no-argument) constructor for class: br.ifmg.produto1_2026.entities.Role (class must be instantiated by Interceptor)
2026-05-15 10:31:30.590 [main] INFO  >>> o.h.e.t.j.p.i.JtaPlatformInitiator - HHH000489: No JTA platform available (set 'hibernate.transaction.jta.platform' to enable JTA platform integration)
2026-05-15 10:31:31.034 [main] WARN  >>> o.s.b.w.s.c.AnnotationConfigServletWebServerApplicationContext - Exception encountered during context initialization - cancelling refresh attempt: org.springframework.beans.factory.UnsatisfiedDependencyException: Error creating bean with name 'authorizationServerConfig': Unsatisfied dependency expressed through field 'jwtDurationSeconds': Failed to convert value of type 'java.lang.String' to required type 'java.lang.Integer'; For input string: "{JWT_DURATION:86400}"
2026-05-15 10:31:31.065 [main] INFO  >>> com.zaxxer.hikari.HikariDataSource - HikariPool-1 - Shutdown initiated...
2026-05-15 10:31:31.077 [main] INFO  >>> com.zaxxer.hikari.HikariDataSource - HikariPool-1 - Shutdown completed.
2026-05-15 10:31:31.098 [main] INFO  >>> o.a.catalina.core.StandardService - Stopping service [Tomcat]
2026-05-15 10:31:31.198 [main] ERROR >>> o.s.boot.SpringApplication - Application run failed
org.springframework.beans.factory.UnsatisfiedDependencyException: Error creating bean with name 'authorizationServerConfig': Unsatisfied dependency expressed through field 'jwtDurationSeconds': Failed to convert value of type 'java.lang.String' to required type 'java.lang.Integer'; For input string: "{JWT_DURATION:86400}"
	at org.springframework.beans.factory.annotation.AutowiredAnnotationBeanPostProcessor$AutowiredFieldElement.resolveFieldValue(AutowiredAnnotationBeanPostProcessor.java:787)
	at org.springframework.beans.factory.annotation.AutowiredAnnotationBeanPostProcessor$AutowiredFieldElement.inject(AutowiredAnnotationBeanPostProcessor.java:767)
	at org.springframework.beans.factory.annotation.InjectionMetadata.inject(InjectionMetadata.java:146)
	at org.springframework.beans.factory.annotation.AutowiredAnnotationBeanPostProcessor.postProcessProperties(AutowiredAnnotationBeanPostProcessor.java:509)
	at org.springframework.beans.factory.support.AbstractAutowireCapableBeanFactory.populateBean(AbstractAutowireCapableBeanFactory.java:1459)
	at org.springframework.beans.factory.support.AbstractAutowireCapableBeanFactory.doCreateBean(AbstractAutowireCapableBeanFactory.java:606)
	at org.springframework.beans.factory.support.AbstractAutowireCapableBeanFactory.createBean(AbstractAutowireCapableBeanFactory.java:529)
	at org.springframework.beans.factory.support.AbstractBeanFactory.lambda$doGetBean$0(AbstractBeanFactory.java:339)
	at org.springframework.beans.factory.support.DefaultSingletonBeanRegistry.getSingleton(DefaultSingletonBeanRegistry.java:373)
	at org.springframework.beans.factory.support.AbstractBeanFactory.doGetBean(AbstractBeanFactory.java:337)
	at org.springframework.beans.factory.support.AbstractBeanFactory.getBean(AbstractBeanFactory.java:202)
	at org.springframework.beans.factory.support.DefaultListableBeanFactory.instantiateSingleton(DefaultListableBeanFactory.java:1228)
	at org.springframework.beans.factory.support.DefaultListableBeanFactory.preInstantiateSingleton(DefaultListableBeanFactory.java:1194)
	at org.springframework.beans.factory.support.DefaultListableBeanFactory.preInstantiateSingletons(DefaultListableBeanFactory.java:1130)
	at org.springframework.context.support.AbstractApplicationContext.finishBeanFactoryInitialization(AbstractApplicationContext.java:991)
	at org.springframework.context.support.AbstractApplicationContext.refresh(AbstractApplicationContext.java:628)
	at org.springframework.boot.web.servlet.context.ServletWebServerApplicationContext.refresh(ServletWebServerApplicationContext.java:146)
	at org.springframework.boot.SpringApplication.refresh(SpringApplication.java:752)
	at org.springframework.boot.SpringApplication.refreshContext(SpringApplication.java:439)
	at org.springframework.boot.SpringApplication.run(SpringApplication.java:318)
	at org.springframework.boot.SpringApplication.run(SpringApplication.java:1361)
	at org.springframework.boot.SpringApplication.run(SpringApplication.java:1350)
	at br.ifmg.produto1_2026.Produto12026Application.main(Produto12026Application.java:16)
Caused by: org.springframework.beans.TypeMismatchException: Failed to convert value of type 'java.lang.String' to required type 'java.lang.Integer'; For input string: "{JWT_DURATION:86400}"
	at org.springframework.beans.TypeConverterSupport.convertIfNecessary(TypeConverterSupport.java:87)
	at org.springframework.beans.TypeConverterSupport.convertIfNecessary(TypeConverterSupport.java:71)
	at org.springframework.beans.factory.support.DefaultListableBeanFactory.doResolveDependency(DefaultListableBeanFactory.java:1682)
	at org.springframework.beans.factory.support.DefaultListableBeanFactory.resolveDependency(DefaultListableBeanFactory.java:1653)
	at org.springframework.beans.factory.annotation.AutowiredAnnotationBeanPostProcessor$AutowiredFieldElement.resolveFieldValue(AutowiredAnnotationBeanPostProcessor.java:784)
	... 22 common frames omitted
Caused by: java.lang.NumberFormatException: For input string: "{JWT_DURATION:86400}"
	at java.base/java.lang.NumberFormatException.forInputString(NumberFormatException.java:67)
	at java.base/java.lang.Integer.parseInt(Integer.java:565)
	at java.base/java.lang.Integer.valueOf(Integer.java:912)
	at org.springframework.util.NumberUtils.parseNumber(NumberUtils.java:201)
	at org.springframework.beans.propertyeditors.CustomNumberEditor.setAsText(CustomNumberEditor.java:115)
	at org.springframework.beans.TypeConverterDelegate.doConvertTextValue(TypeConverterDelegate.java:439)
	at org.springframework.beans.TypeConverterDelegate.doConvertValue(TypeConverterDelegate.java:412)
	at org.springframework.beans.TypeConverterDelegate.convertIfNecessary(TypeConverterDelegate.java:161)
	at org.springframework.beans.TypeConverterSupport.convertIfNecessary(TypeConverterSupport.java:80)
	... 26 common frames omitted
2026-05-15 10:38:29.967 [background-preinit] INFO  >>> o.h.validator.internal.util.Version - HV000001: Hibernate Validator 8.0.3.Final
2026-05-15 10:38:30.053 [main] INFO  >>> b.i.p.Produto12026Application - Starting Produto12026Application using Java 25.0.2 with PID 15596 (C:\Users\Petricks\Documents\graduacao\7periodo\back-end\produto1-2026\target\classes started by Petricks in C:\Users\Petricks\Documents\graduacao\7periodo\back-end\produto1-2026)
2026-05-15 10:38:30.056 [main] INFO  >>> b.i.p.Produto12026Application - The following 1 profile is active: "prod"
2026-05-15 10:38:34.758 [main] INFO  >>> o.a.coyote.http11.Http11NioProtocol - Initializing ProtocolHandler ["http-nio-8080"]
2026-05-15 10:38:34.763 [main] INFO  >>> o.a.catalina.core.StandardService - Starting service [Tomcat]
2026-05-15 10:38:34.765 [main] INFO  >>> o.a.catalina.core.StandardEngine - Starting Servlet engine: [Apache Tomcat/10.1.52]
2026-05-15 10:38:35.012 [main] INFO  >>> o.a.c.c.C.[Tomcat].[localhost].[/] - Initializing Spring embedded WebApplicationContext
2026-05-15 10:38:35.441 [main] INFO  >>> com.zaxxer.hikari.HikariDataSource - HikariPool-1 - Starting...
2026-05-15 10:38:35.980 [main] INFO  >>> com.zaxxer.hikari.pool.HikariPool - HikariPool-1 - Added connection conn0: url=jdbc:h2:mem:testdb user=SA
2026-05-15 10:38:35.985 [main] INFO  >>> com.zaxxer.hikari.HikariDataSource - HikariPool-1 - Start completed.
2026-05-15 10:38:36.080 [main] INFO  >>> o.h.jpa.internal.util.LogHelper - HHH000204: Processing PersistenceUnitInfo [name: default]
2026-05-15 10:38:36.231 [main] INFO  >>> org.hibernate.Version - HHH000412: Hibernate ORM core version 6.6.42.Final
2026-05-15 10:38:36.319 [main] INFO  >>> o.h.c.i.RegionFactoryInitiator - HHH000026: Second-level cache disabled
2026-05-15 10:38:37.306 [main] INFO  >>> o.hibernate.orm.connections.pooling - HHH10001005: Database info:
	Database JDBC URL [Connecting through datasource 'HikariDataSource (HikariPool-1)']
	Database driver: undefined/unknown
	Database version: 2.3.232
	Autocommit mode: undefined/unknown
	Isolation level: undefined/unknown
	Minimum pool size: undefined/unknown
	Maximum pool size: undefined/unknown
2026-05-15 10:38:40.345 [main] INFO  >>> o.h.m.i.EntityInstantiatorPojoStandard - HHH000182: No default (no-argument) constructor for class: br.ifmg.produto1_2026.entities.Role (class must be instantiated by Interceptor)
2026-05-15 10:38:41.350 [main] INFO  >>> o.h.e.t.j.p.i.JtaPlatformInitiator - HHH000489: No JTA platform available (set 'hibernate.transaction.jta.platform' to enable JTA platform integration)
2026-05-15 10:38:48.915 [main] INFO  >>> o.a.coyote.http11.Http11NioProtocol - Starting ProtocolHandler ["http-nio-8080"]
2026-05-15 10:38:48.975 [main] INFO  >>> b.i.p.Produto12026Application - Started Produto12026Application in 20.759 seconds (process running for 33.942)
2026-05-15 10:38:49.101 [main] WARN  >>> o.s.c.events.SpringDocAppInitializer - SpringDoc /api-docs endpoint is enabled by default. To disable it in production, set the property 'springdoc.api-docs.enabled=false'
2026-05-15 10:38:49.102 [main] WARN  >>> o.s.c.events.SpringDocAppInitializer - SpringDoc /swagger-ui.html endpoint is enabled by default. To disable it in production, set the property 'springdoc.swagger-ui.enabled=false'
2026-05-15 10:38:55.303 [http-nio-8080-exec-2] INFO  >>> o.a.c.c.C.[Tomcat].[localhost].[/] - Initializing Spring DispatcherServlet 'dispatcherServlet'
2026-05-15 10:39:09.965 [http-nio-8080-exec-4] WARN  >>> o.h.e.jdbc.spi.SqlExceptionHelper - SQL Error: 42122, SQLState: 42S22
2026-05-15 10:39:09.965 [http-nio-8080-exec-4] ERROR >>> o.h.e.jdbc.spi.SqlExceptionHelper - Column "P.NOME" not found; SQL statement:
SELECT u.email as username,
u.id as password,
p.id as roleId,
p.nome as authority
FROM tb_usuario u
INNER JOIN tb_usuario_role up ON up.id_usuario = u.id
INNER JOIN tb_role p ON p.id = up.id_perfil
WHERE e.email = ? [42122-232]
2026-05-15 10:39:09.990 [http-nio-8080-exec-4] ERROR >>> o.a.c.c.C.[.[.[.[dispatcherServlet] - Servlet.service() for servlet [dispatcherServlet] in context with path [] threw exception
org.springframework.dao.InvalidDataAccessResourceUsageException: could not prepare statement [Column "P.NOME" not found; SQL statement:
SELECT u.email as username,
u.id as password,
p.id as roleId,
p.nome as authority
FROM tb_usuario u
INNER JOIN tb_usuario_role up ON up.id_usuario = u.id
INNER JOIN tb_role p ON p.id = up.id_perfil
WHERE e.email = ? [42122-232]] [SELECT u.email as username,
u.id as password,
p.id as roleId,
p.nome as authority
FROM tb_usuario u
INNER JOIN tb_usuario_role up ON up.id_usuario = u.id
INNER JOIN tb_role p ON p.id = up.id_perfil
WHERE e.email = ?
]; SQL [SELECT u.email as username,
u.id as password,
p.id as roleId,
p.nome as authority
FROM tb_usuario u
INNER JOIN tb_usuario_role up ON up.id_usuario = u.id
INNER JOIN tb_role p ON p.id = up.id_perfil
WHERE e.email = ?
]
	at org.springframework.orm.jpa.vendor.HibernateJpaDialect.convertHibernateAccessException(HibernateJpaDialect.java:281)
	at org.springframework.orm.jpa.vendor.HibernateJpaDialect.convertHibernateAccessException(HibernateJpaDialect.java:256)
	at org.springframework.orm.jpa.vendor.HibernateJpaDialect.translateExceptionIfPossible(HibernateJpaDialect.java:241)
	at org.springframework.orm.jpa.AbstractEntityManagerFactoryBean.translateExceptionIfPossible(AbstractEntityManagerFactoryBean.java:560)
	at org.springframework.dao.support.ChainedPersistenceExceptionTranslator.translateExceptionIfPossible(ChainedPersistenceExceptionTranslator.java:61)
	at org.springframework.dao.support.DataAccessUtils.translateIfNecessary(DataAccessUtils.java:343)
	at org.springframework.dao.support.PersistenceExceptionTranslationInterceptor.invoke(PersistenceExceptionTranslationInterceptor.java:160)
	at org.springframework.aop.framework.ReflectiveMethodInvocation.proceed(ReflectiveMethodInvocation.java:184)
	at org.springframework.data.jpa.repository.support.CrudMethodMetadataPostProcessor$CrudMethodMetadataPopulatingMethodInterceptor.invoke(CrudMethodMetadataPostProcessor.java:136)
	at org.springframework.aop.framework.ReflectiveMethodInvocation.proceed(ReflectiveMethodInvocation.java:184)
	at org.springframework.aop.framework.JdkDynamicAopProxy.invoke(JdkDynamicAopProxy.java:223)
	at jdk.proxy2/jdk.proxy2.$Proxy146.loadUserByUserName(Unknown Source)
	at br.ifmg.produto1_2026.service.UsuarioService.loadUserByUsername(UsuarioService.java:125)
	at java.base/jdk.internal.reflect.DirectMethodHandleAccessor.invoke(DirectMethodHandleAccessor.java:104)
	at java.base/java.lang.reflect.Method.invoke(Method.java:565)
	at org.springframework.aop.support.AopUtils.invokeJoinpointUsingReflection(AopUtils.java:360)
	at org.springframework.aop.framework.CglibAopProxy$DynamicAdvisedInterceptor.intercept(CglibAopProxy.java:724)
	at br.ifmg.produto1_2026.service.UsuarioService$$SpringCGLIB$$0.loadUserByUsername(<generated>)
	at br.ifmg.produto1_2026.config.customgrant.CustomPasswordAuthenticationProvider.authenticate(CustomPasswordAuthenticationProvider.java:71)
	at org.springframework.security.authentication.ProviderManager.authenticate(ProviderManager.java:182)
	at org.springframework.security.oauth2.server.authorization.web.OAuth2TokenEndpointFilter.doFilterInternal(OAuth2TokenEndpointFilter.java:169)
	at org.springframework.web.filter.OncePerRequestFilter.doFilter(OncePerRequestFilter.java:116)
	at org.springframework.security.web.FilterChainProxy$VirtualFilterChain.doFilter(FilterChainProxy.java:374)
	at org.springframework.security.web.access.ExceptionTranslationFilter.doFilter(ExceptionTranslationFilter.java:125)
	at org.springframework.security.web.access.ExceptionTranslationFilter.doFilter(ExceptionTranslationFilter.java:119)
	at org.springframework.security.web.FilterChainProxy$VirtualFilterChain.doFilter(FilterChainProxy.java:374)
	at org.springframework.security.web.authentication.AnonymousAuthenticationFilter.doFilter(AnonymousAuthenticationFilter.java:100)
	at org.springframework.security.web.FilterChainProxy$VirtualFilterChain.doFilter(FilterChainProxy.java:374)
	at org.springframework.security.web.servletapi.SecurityContextHolderAwareRequestFilter.doFilter(SecurityContextHolderAwareRequestFilter.java:179)
	at org.springframework.security.web.FilterChainProxy$VirtualFilterChain.doFilter(FilterChainProxy.java:374)
	at org.springframework.security.web.savedrequest.RequestCacheAwareFilter.doFilter(RequestCacheAwareFilter.java:63)
	at org.springframework.security.web.FilterChainProxy$VirtualFilterChain.doFilter(FilterChainProxy.java:374)
	at org.springframework.security.web.authentication.AuthenticationFilter.doFilterInternal(AuthenticationFilter.java:177)
	at org.springframework.web.filter.OncePerRequestFilter.doFilter(OncePerRequestFilter.java:116)
	at org.springframework.security.web.FilterChainProxy$VirtualFilterChain.doFilter(FilterChainProxy.java:374)
	at org.springframework.security.oauth2.server.resource.web.authentication.BearerTokenAuthenticationFilter.doFilterInternal(BearerTokenAuthenticationFilter.java:135)
	at org.springframework.web.filter.OncePerRequestFilter.doFilter(OncePerRequestFilter.java:116)
	at org.springframework.security.web.FilterChainProxy$VirtualFilterChain.doFilter(FilterChainProxy.java:374)
	at org.springframework.security.oauth2.server.authorization.web.OAuth2ClientAuthenticationFilter.doFilterInternal(OAuth2ClientAuthenticationFilter.java:143)
	at org.springframework.web.filter.OncePerRequestFilter.doFilter(OncePerRequestFilter.java:116)
	at org.springframework.security.web.FilterChainProxy$VirtualFilterChain.doFilter(FilterChainProxy.java:374)
	at org.springframework.security.oauth2.server.authorization.web.NimbusJwkSetEndpointFilter.doFilterInternal(NimbusJwkSetEndpointFilter.java:88)
	at org.springframework.web.filter.OncePerRequestFilter.doFilter(OncePerRequestFilter.java:116)
	at org.springframework.security.web.FilterChainProxy$VirtualFilterChain.doFilter(FilterChainProxy.java:374)
	at org.springframework.security.oauth2.server.authorization.web.OAuth2DeviceVerificationEndpointFilter.doFilterInternal(OAuth2DeviceVerificationEndpointFilter.java:152)
	at org.springframework.web.filter.OncePerRequestFilter.doFilter(OncePerRequestFilter.java:116)
	at org.springframework.security.web.FilterChainProxy$VirtualFilterChain.doFilter(FilterChainProxy.java:374)
	at org.springframework.security.oauth2.server.authorization.web.OAuth2AuthorizationEndpointFilter.doFilterInternal(OAuth2AuthorizationEndpointFilter.java:177)
	at org.springframework.web.filter.OncePerRequestFilter.doFilter(OncePerRequestFilter.java:116)
	at org.springframework.security.web.FilterChainProxy$VirtualFilterChain.doFilter(FilterChainProxy.java:374)
	at org.springframework.security.oauth2.server.authorization.web.OAuth2AuthorizationServerMetadataEndpointFilter.doFilterInternal(OAuth2AuthorizationServerMetadataEndpointFilter.java:91)
	at org.springframework.web.filter.OncePerRequestFilter.doFilter(OncePerRequestFilter.java:116)
	at org.springframework.security.web.FilterChainProxy$VirtualFilterChain.doFilter(FilterChainProxy.java:374)
	at org.springframework.security.web.authentication.logout.LogoutFilter.doFilter(LogoutFilter.java:107)
	at org.springframework.security.web.authentication.logout.LogoutFilter.doFilter(LogoutFilter.java:93)
	at org.springframework.security.web.FilterChainProxy$VirtualFilterChain.doFilter(FilterChainProxy.java:374)
	at org.springframework.security.web.csrf.CsrfFilter.doFilterInternal(CsrfFilter.java:117)
	at org.springframework.web.filter.OncePerRequestFilter.doFilter(OncePerRequestFilter.java:116)
	at org.springframework.security.web.FilterChainProxy$VirtualFilterChain.doFilter(FilterChainProxy.java:374)
	at org.springframework.web.filter.CorsFilter.doFilterInternal(CorsFilter.java:91)
	at org.springframework.web.filter.OncePerRequestFilter.doFilter(OncePerRequestFilter.java:116)
	at org.springframework.security.web.FilterChainProxy$VirtualFilterChain.doFilter(FilterChainProxy.java:374)
	at org.springframework.security.web.header.HeaderWriterFilter.doHeadersAfter(HeaderWriterFilter.java:90)
	at org.springframework.security.web.header.HeaderWriterFilter.doFilterInternal(HeaderWriterFilter.java:75)
	at org.springframework.web.filter.OncePerRequestFilter.doFilter(OncePerRequestFilter.java:116)
	at org.springframework.security.web.FilterChainProxy$VirtualFilterChain.doFilter(FilterChainProxy.java:374)
	at org.springframework.security.oauth2.server.authorization.config.annotation.web.configurers.AuthorizationServerContextFilter.doFilterInternal(AuthorizationServerContextFilter.java:69)
	at org.springframework.web.filter.OncePerRequestFilter.doFilter(OncePerRequestFilter.java:116)
	at org.springframework.security.web.FilterChainProxy$VirtualFilterChain.doFilter(FilterChainProxy.java:374)
	at org.springframework.security.web.context.SecurityContextHolderFilter.doFilter(SecurityContextHolderFilter.java:82)
	at org.springframework.security.web.context.SecurityContextHolderFilter.doFilter(SecurityContextHolderFilter.java:69)
	at org.springframework.security.web.FilterChainProxy$VirtualFilterChain.doFilter(FilterChainProxy.java:374)
	at org.springframework.security.web.context.request.async.WebAsyncManagerIntegrationFilter.doFilterInternal(WebAsyncManagerIntegrationFilter.java:62)
	at org.springframework.web.filter.OncePerRequestFilter.doFilter(OncePerRequestFilter.java:116)
	at org.springframework.security.web.FilterChainProxy$VirtualFilterChain.doFilter(FilterChainProxy.java:374)
	at org.springframework.security.web.session.DisableEncodeUrlFilter.doFilterInternal(DisableEncodeUrlFilter.java:42)
	at org.springframework.web.filter.OncePerRequestFilter.doFilter(OncePerRequestFilter.java:116)
	at org.springframework.security.web.FilterChainProxy$VirtualFilterChain.doFilter(FilterChainProxy.java:374)
	at org.springframework.security.web.FilterChainProxy.doFilterInternal(FilterChainProxy.java:233)
	at org.springframework.security.web.FilterChainProxy.doFilter(FilterChainProxy.java:191)
	at org.springframework.web.filter.CompositeFilter$VirtualFilterChain.doFilter(CompositeFilter.java:113)
	at org.springframework.web.filter.ServletRequestPathFilter.doFilter(ServletRequestPathFilter.java:52)
	at org.springframework.web.filter.CompositeFilter$VirtualFilterChain.doFilter(CompositeFilter.java:113)
	at org.springframework.web.filter.CompositeFilter.doFilter(CompositeFilter.java:74)
	at org.springframework.security.config.annotation.web.configuration.WebSecurityConfiguration$CompositeFilterChainProxy.doFilter(WebSecurityConfiguration.java:319)
	at org.springframework.web.filter.CompositeFilter$VirtualFilterChain.doFilter(CompositeFilter.java:113)
	at org.springframework.web.servlet.handler.HandlerMappingIntrospector.lambda$createCacheFilter$4(HandlerMappingIntrospector.java:267)
	at org.springframework.web.filter.CompositeFilter$VirtualFilterChain.doFilter(CompositeFilter.java:113)
	at org.springframework.web.filter.CompositeFilter.doFilter(CompositeFilter.java:74)
	at org.springframework.security.config.annotation.web.configuration.WebMvcSecurityConfiguration$CompositeFilterChainProxy.doFilter(WebMvcSecurityConfiguration.java:240)
	at org.springframework.web.filter.DelegatingFilterProxy.invokeDelegate(DelegatingFilterProxy.java:362)
	at org.springframework.web.filter.DelegatingFilterProxy.doFilter(DelegatingFilterProxy.java:278)
	at org.apache.catalina.core.ApplicationFilterChain.internalDoFilter(ApplicationFilterChain.java:162)
	at org.apache.catalina.core.ApplicationFilterChain.doFilter(ApplicationFilterChain.java:138)
	at org.springframework.web.filter.RequestContextFilter.doFilterInternal(RequestContextFilter.java:100)
	at org.springframework.web.filter.OncePerRequestFilter.doFilter(OncePerRequestFilter.java:116)
	at org.apache.catalina.core.ApplicationFilterChain.internalDoFilter(ApplicationFilterChain.java:162)
	at org.apache.catalina.core.ApplicationFilterChain.doFilter(ApplicationFilterChain.java:138)
	at org.springframework.web.filter.FormContentFilter.doFilterInternal(FormContentFilter.java:93)
	at org.springframework.web.filter.OncePerRequestFilter.doFilter(OncePerRequestFilter.java:116)
	at org.apache.catalina.core.ApplicationFilterChain.internalDoFilter(ApplicationFilterChain.java:162)
	at org.apache.catalina.core.ApplicationFilterChain.doFilter(ApplicationFilterChain.java:138)
	at org.springframework.web.filter.CharacterEncodingFilter.doFilterInternal(CharacterEncodingFilter.java:201)
	at org.springframework.web.filter.OncePerRequestFilter.doFilter(OncePerRequestFilter.java:116)
	at org.apache.catalina.core.ApplicationFilterChain.internalDoFilter(ApplicationFilterChain.java:162)
	at org.apache.catalina.core.ApplicationFilterChain.doFilter(ApplicationFilterChain.java:138)
	at org.springframework.web.filter.CorsFilter.doFilterInternal(CorsFilter.java:91)
	at org.springframework.web.filter.OncePerRequestFilter.doFilter(OncePerRequestFilter.java:116)
	at org.apache.catalina.core.ApplicationFilterChain.internalDoFilter(ApplicationFilterChain.java:162)
	at org.apache.catalina.core.ApplicationFilterChain.doFilter(ApplicationFilterChain.java:138)
	at org.apache.catalina.core.StandardWrapperValve.invoke(StandardWrapperValve.java:165)
	at org.apache.catalina.core.StandardContextValve.invoke(StandardContextValve.java:88)
	at org.apache.catalina.authenticator.AuthenticatorBase.invoke(AuthenticatorBase.java:492)
	at org.apache.catalina.core.StandardHostValve.invoke(StandardHostValve.java:113)
	at org.apache.catalina.valves.ErrorReportValve.invoke(ErrorReportValve.java:83)
	at org.apache.catalina.core.StandardEngineValve.invoke(StandardEngineValve.java:72)
	at org.apache.catalina.connector.CoyoteAdapter.service(CoyoteAdapter.java:342)
	at org.apache.coyote.http11.Http11Processor.service(Http11Processor.java:399)
	at org.apache.coyote.AbstractProcessorLight.process(AbstractProcessorLight.java:63)
	at org.apache.coyote.AbstractProtocol$ConnectionHandler.process(AbstractProtocol.java:903)
	at org.apache.tomcat.util.net.NioEndpoint$SocketProcessor.doRun(NioEndpoint.java:1775)
	at org.apache.tomcat.util.net.SocketProcessorBase.run(SocketProcessorBase.java:52)
	at org.apache.tomcat.util.threads.ThreadPoolExecutor.runWorker(ThreadPoolExecutor.java:973)
	at org.apache.tomcat.util.threads.ThreadPoolExecutor$Worker.run(ThreadPoolExecutor.java:491)
	at org.apache.tomcat.util.threads.TaskThread$WrappingRunnable.run(TaskThread.java:63)
	at java.base/java.lang.Thread.run(Thread.java:1474)
Caused by: org.hibernate.exception.SQLGrammarException: could not prepare statement [Column "P.NOME" not found; SQL statement:
SELECT u.email as username,
u.id as password,
p.id as roleId,
p.nome as authority
FROM tb_usuario u
INNER JOIN tb_usuario_role up ON up.id_usuario = u.id
INNER JOIN tb_role p ON p.id = up.id_perfil
WHERE e.email = ? [42122-232]] [SELECT u.email as username,
u.id as password,
p.id as roleId,
p.nome as authority
FROM tb_usuario u
INNER JOIN tb_usuario_role up ON up.id_usuario = u.id
INNER JOIN tb_role p ON p.id = up.id_perfil
WHERE e.email = ?
]
	at org.hibernate.exception.internal.SQLExceptionTypeDelegate.convert(SQLExceptionTypeDelegate.java:66)
	at org.hibernate.exception.internal.StandardSQLExceptionConverter.convert(StandardSQLExceptionConverter.java:58)
	at org.hibernate.engine.jdbc.spi.SqlExceptionHelper.convert(SqlExceptionHelper.java:108)
	at org.hibernate.engine.jdbc.internal.StatementPreparerImpl$StatementPreparationTemplate.prepareStatement(StatementPreparerImpl.java:191)
	at org.hibernate.engine.jdbc.internal.StatementPreparerImpl.prepareQueryStatement(StatementPreparerImpl.java:153)
	at org.hibernate.sql.exec.internal.StandardStatementCreator.createStatement(StandardStatementCreator.java:49)
	at org.hibernate.sql.results.jdbc.internal.DeferredResultSetAccess.executeQuery(DeferredResultSetAccess.java:236)
	at org.hibernate.sql.results.jdbc.internal.DeferredResultSetAccess.getResultSet(DeferredResultSetAccess.java:172)
	at org.hibernate.sql.results.jdbc.internal.AbstractResultSetAccess.getMetaData(AbstractResultSetAccess.java:36)
	at org.hibernate.sql.results.jdbc.internal.AbstractResultSetAccess.getColumnCount(AbstractResultSetAccess.java:52)
	at org.hibernate.query.results.ResultSetMappingImpl.resolve(ResultSetMappingImpl.java:194)
	at org.hibernate.sql.exec.internal.JdbcSelectExecutorStandardImpl.resolveJdbcValuesSource(JdbcSelectExecutorStandardImpl.java:340)
	at org.hibernate.sql.exec.internal.JdbcSelectExecutorStandardImpl.doExecuteQuery(JdbcSelectExecutorStandardImpl.java:137)
	at org.hibernate.sql.exec.internal.JdbcSelectExecutorStandardImpl.executeQuery(JdbcSelectExecutorStandardImpl.java:102)
	at org.hibernate.sql.exec.spi.JdbcSelectExecutor.executeQuery(JdbcSelectExecutor.java:91)
	at org.hibernate.sql.exec.spi.JdbcSelectExecutor.list(JdbcSelectExecutor.java:165)
	at org.hibernate.sql.exec.spi.JdbcSelectExecutor.list(JdbcSelectExecutor.java:142)
	at org.hibernate.sql.exec.spi.JdbcSelectExecutor.list(JdbcSelectExecutor.java:132)
	at org.hibernate.query.sql.internal.NativeSelectQueryPlanImpl.performList(NativeSelectQueryPlanImpl.java:135)
	at org.hibernate.query.sql.internal.NativeQueryImpl.doList(NativeQueryImpl.java:697)
	at org.hibernate.query.spi.AbstractSelectionQuery.list(AbstractSelectionQuery.java:143)
	at org.hibernate.query.Query.getResultList(Query.java:120)
	at java.base/jdk.internal.reflect.DirectMethodHandleAccessor.invoke(DirectMethodHandleAccessor.java:104)
	at java.base/java.lang.reflect.Method.invoke(Method.java:565)
	at org.springframework.orm.jpa.SharedEntityManagerCreator$DeferredQueryInvocationHandler.invoke(SharedEntityManagerCreator.java:419)
	at jdk.proxy2/jdk.proxy2.$Proxy175.getResultList(Unknown Source)
	at org.springframework.data.jpa.repository.query.JpaQueryExecution$CollectionExecution.doExecute(JpaQueryExecution.java:132)
	at org.springframework.data.jpa.repository.query.JpaQueryExecution.execute(JpaQueryExecution.java:95)
	at org.springframework.data.jpa.repository.query.AbstractJpaQuery.doExecute(AbstractJpaQuery.java:160)
	at org.springframework.data.jpa.repository.query.AbstractJpaQuery.execute(AbstractJpaQuery.java:148)
	at org.springframework.data.repository.core.support.RepositoryMethodInvoker.doInvoke(RepositoryMethodInvoker.java:170)
	at org.springframework.data.repository.core.support.RepositoryMethodInvoker.invoke(RepositoryMethodInvoker.java:158)
	at org.springframework.data.repository.core.support.QueryExecutorMethodInterceptor.doInvoke(QueryExecutorMethodInterceptor.java:170)
	at org.springframework.data.repository.core.support.QueryExecutorMethodInterceptor.invoke(QueryExecutorMethodInterceptor.java:149)
	at org.springframework.aop.framework.ReflectiveMethodInvocation.proceed(ReflectiveMethodInvocation.java:184)
	at org.springframework.data.projection.DefaultMethodInvokingMethodInterceptor.invoke(DefaultMethodInvokingMethodInterceptor.java:69)
	at org.springframework.aop.framework.ReflectiveMethodInvocation.proceed(ReflectiveMethodInvocation.java:184)
	at org.springframework.transaction.interceptor.TransactionAspectSupport.invokeWithinTransaction(TransactionAspectSupport.java:380)
	at org.springframework.transaction.interceptor.TransactionInterceptor.invoke(TransactionInterceptor.java:119)
	at org.springframework.aop.framework.ReflectiveMethodInvocation.proceed(ReflectiveMethodInvocation.java:184)
	at org.springframework.dao.support.PersistenceExceptionTranslationInterceptor.invoke(PersistenceExceptionTranslationInterceptor.java:138)
	... 119 common frames omitted
Caused by: org.h2.jdbc.JdbcSQLSyntaxErrorException: Column "P.NOME" not found; SQL statement:
SELECT u.email as username,
u.id as password,
p.id as roleId,
p.nome as authority
FROM tb_usuario u
INNER JOIN tb_usuario_role up ON up.id_usuario = u.id
INNER JOIN tb_role p ON p.id = up.id_perfil
WHERE e.email = ? [42122-232]
	at org.h2.message.DbException.getJdbcSQLException(DbException.java:514)
	at org.h2.message.DbException.getJdbcSQLException(DbException.java:489)
	at org.h2.message.DbException.get(DbException.java:223)
	at org.h2.message.DbException.get(DbException.java:199)
	at org.h2.expression.ExpressionColumn.getColumnException(ExpressionColumn.java:244)
	at org.h2.expression.ExpressionColumn.optimizeOther(ExpressionColumn.java:226)
	at org.h2.expression.ExpressionColumn.optimize(ExpressionColumn.java:213)
	at org.h2.expression.Alias.optimize(Alias.java:52)
	at org.h2.command.query.Select.prepareExpressions(Select.java:1228)
	at org.h2.command.query.Query.prepare(Query.java:232)
	at org.h2.command.Parser.prepareCommand(Parser.java:489)
	at org.h2.engine.SessionLocal.prepareLocal(SessionLocal.java:645)
	at org.h2.engine.SessionLocal.prepareCommand(SessionLocal.java:561)
	at org.h2.jdbc.JdbcConnection.prepareCommand(JdbcConnection.java:1164)
	at org.h2.jdbc.JdbcPreparedStatement.<init>(JdbcPreparedStatement.java:93)
	at org.h2.jdbc.JdbcConnection.prepareStatement(JdbcConnection.java:687)
	at com.zaxxer.hikari.pool.ProxyConnection.prepareStatement(ProxyConnection.java:342)
	at com.zaxxer.hikari.pool.HikariProxyConnection.prepareStatement(HikariProxyConnection.java)
	at org.hibernate.engine.jdbc.internal.StatementPreparerImpl$4.doPrepare(StatementPreparerImpl.java:151)
	at org.hibernate.engine.jdbc.internal.StatementPreparerImpl$StatementPreparationTemplate.prepareStatement(StatementPreparerImpl.java:180)
	... 156 common frames omitted
2026-05-15 10:41:58.950 [SpringApplicationShutdownHook] INFO  >>> com.zaxxer.hikari.HikariDataSource - HikariPool-1 - Shutdown initiated...
2026-05-15 10:41:58.955 [SpringApplicationShutdownHook] INFO  >>> com.zaxxer.hikari.HikariDataSource - HikariPool-1 - Shutdown completed.
2026-05-15 10:42:04.215 [background-preinit] INFO  >>> o.h.validator.internal.util.Version - HV000001: Hibernate Validator 8.0.3.Final
2026-05-15 10:42:04.299 [main] INFO  >>> b.i.p.Produto12026Application - Starting Produto12026Application using Java 25.0.2 with PID 22564 (C:\Users\Petricks\Documents\graduacao\7periodo\back-end\produto1-2026\target\classes started by Petricks in C:\Users\Petricks\Documents\graduacao\7periodo\back-end\produto1-2026)
2026-05-15 10:42:04.300 [main] INFO  >>> b.i.p.Produto12026Application - The following 1 profile is active: "prod"
2026-05-15 10:42:06.769 [main] INFO  >>> o.a.coyote.http11.Http11NioProtocol - Initializing ProtocolHandler ["http-nio-8080"]
2026-05-15 10:42:06.771 [main] INFO  >>> o.a.catalina.core.StandardService - Starting service [Tomcat]
2026-05-15 10:42:06.772 [main] INFO  >>> o.a.catalina.core.StandardEngine - Starting Servlet engine: [Apache Tomcat/10.1.52]
2026-05-15 10:42:06.886 [main] INFO  >>> o.a.c.c.C.[Tomcat].[localhost].[/] - Initializing Spring embedded WebApplicationContext
2026-05-15 10:42:07.153 [main] INFO  >>> com.zaxxer.hikari.HikariDataSource - HikariPool-1 - Starting...
2026-05-15 10:42:07.461 [main] INFO  >>> com.zaxxer.hikari.pool.HikariPool - HikariPool-1 - Added connection conn0: url=jdbc:h2:mem:testdb user=SA
2026-05-15 10:42:07.463 [main] INFO  >>> com.zaxxer.hikari.HikariDataSource - HikariPool-1 - Start completed.
2026-05-15 10:42:07.521 [main] INFO  >>> o.h.jpa.internal.util.LogHelper - HHH000204: Processing PersistenceUnitInfo [name: default]
2026-05-15 10:42:07.603 [main] INFO  >>> org.hibernate.Version - HHH000412: Hibernate ORM core version 6.6.42.Final
2026-05-15 10:42:07.649 [main] INFO  >>> o.h.c.i.RegionFactoryInitiator - HHH000026: Second-level cache disabled
2026-05-15 10:42:08.132 [main] INFO  >>> o.hibernate.orm.connections.pooling - HHH10001005: Database info:
	Database JDBC URL [Connecting through datasource 'HikariDataSource (HikariPool-1)']
	Database driver: undefined/unknown
	Database version: 2.3.232
	Autocommit mode: undefined/unknown
	Isolation level: undefined/unknown
	Minimum pool size: undefined/unknown
	Maximum pool size: undefined/unknown
2026-05-15 10:42:09.649 [main] INFO  >>> o.h.e.t.j.p.i.JtaPlatformInitiator - HHH000489: No JTA platform available (set 'hibernate.transaction.jta.platform' to enable JTA platform integration)
2026-05-15 10:42:14.136 [main] INFO  >>> o.a.coyote.http11.Http11NioProtocol - Starting ProtocolHandler ["http-nio-8080"]
2026-05-15 10:42:14.188 [main] INFO  >>> b.i.p.Produto12026Application - Started Produto12026Application in 10.739 seconds (process running for 11.832)
2026-05-15 10:42:14.386 [main] WARN  >>> o.s.c.events.SpringDocAppInitializer - SpringDoc /api-docs endpoint is enabled by default. To disable it in production, set the property 'springdoc.api-docs.enabled=false'
2026-05-15 10:42:14.386 [main] WARN  >>> o.s.c.events.SpringDocAppInitializer - SpringDoc /swagger-ui.html endpoint is enabled by default. To disable it in production, set the property 'springdoc.swagger-ui.enabled=false'
2026-05-15 10:42:23.302 [http-nio-8080-exec-1] INFO  >>> o.a.c.c.C.[Tomcat].[localhost].[/] - Initializing Spring DispatcherServlet 'dispatcherServlet'
2026-05-15 10:42:24.106 [http-nio-8080-exec-1] WARN  >>> o.h.e.jdbc.spi.SqlExceptionHelper - SQL Error: 42122, SQLState: 42S22
2026-05-15 10:42:24.108 [http-nio-8080-exec-1] ERROR >>> o.h.e.jdbc.spi.SqlExceptionHelper - Column "E.EMAIL" not found; SQL statement:
SELECT u.email as username,
u.id as password,
p.id as roleId,
p.autoridade as authority
FROM tb_usuario u
INNER JOIN tb_usuario_role up ON up.id_usuario = u.id
INNER JOIN tb_role p ON p.id = up.id_perfil
WHERE e.email = ? [42122-232]
2026-05-15 10:42:24.129 [http-nio-8080-exec-1] ERROR >>> o.a.c.c.C.[.[.[.[dispatcherServlet] - Servlet.service() for servlet [dispatcherServlet] in context with path [] threw exception
org.springframework.dao.InvalidDataAccessResourceUsageException: could not prepare statement [Column "E.EMAIL" not found; SQL statement:
SELECT u.email as username,
u.id as password,
p.id as roleId,
p.autoridade as authority
FROM tb_usuario u
INNER JOIN tb_usuario_role up ON up.id_usuario = u.id
INNER JOIN tb_role p ON p.id = up.id_perfil
WHERE e.email = ? [42122-232]] [SELECT u.email as username,
u.id as password,
p.id as roleId,
p.autoridade as authority
FROM tb_usuario u
INNER JOIN tb_usuario_role up ON up.id_usuario = u.id
INNER JOIN tb_role p ON p.id = up.id_perfil
WHERE e.email = ?
]; SQL [SELECT u.email as username,
u.id as password,
p.id as roleId,
p.autoridade as authority
FROM tb_usuario u
INNER JOIN tb_usuario_role up ON up.id_usuario = u.id
INNER JOIN tb_role p ON p.id = up.id_perfil
WHERE e.email = ?
]
	at org.springframework.orm.jpa.vendor.HibernateJpaDialect.convertHibernateAccessException(HibernateJpaDialect.java:281)
	at org.springframework.orm.jpa.vendor.HibernateJpaDialect.convertHibernateAccessException(HibernateJpaDialect.java:256)
	at org.springframework.orm.jpa.vendor.HibernateJpaDialect.translateExceptionIfPossible(HibernateJpaDialect.java:241)
	at org.springframework.orm.jpa.AbstractEntityManagerFactoryBean.translateExceptionIfPossible(AbstractEntityManagerFactoryBean.java:560)
	at org.springframework.dao.support.ChainedPersistenceExceptionTranslator.translateExceptionIfPossible(ChainedPersistenceExceptionTranslator.java:61)
	at org.springframework.dao.support.DataAccessUtils.translateIfNecessary(DataAccessUtils.java:343)
	at org.springframework.dao.support.PersistenceExceptionTranslationInterceptor.invoke(PersistenceExceptionTranslationInterceptor.java:160)
	at org.springframework.aop.framework.ReflectiveMethodInvocation.proceed(ReflectiveMethodInvocation.java:184)
	at org.springframework.data.jpa.repository.support.CrudMethodMetadataPostProcessor$CrudMethodMetadataPopulatingMethodInterceptor.invoke(CrudMethodMetadataPostProcessor.java:136)
	at org.springframework.aop.framework.ReflectiveMethodInvocation.proceed(ReflectiveMethodInvocation.java:184)
	at org.springframework.aop.framework.JdkDynamicAopProxy.invoke(JdkDynamicAopProxy.java:223)
	at jdk.proxy2/jdk.proxy2.$Proxy146.loadUserByUserName(Unknown Source)
	at br.ifmg.produto1_2026.service.UsuarioService.loadUserByUsername(UsuarioService.java:125)
	at java.base/jdk.internal.reflect.DirectMethodHandleAccessor.invoke(DirectMethodHandleAccessor.java:104)
	at java.base/java.lang.reflect.Method.invoke(Method.java:565)
	at org.springframework.aop.support.AopUtils.invokeJoinpointUsingReflection(AopUtils.java:360)
	at org.springframework.aop.framework.CglibAopProxy$DynamicAdvisedInterceptor.intercept(CglibAopProxy.java:724)
	at br.ifmg.produto1_2026.service.UsuarioService$$SpringCGLIB$$0.loadUserByUsername(<generated>)
	at br.ifmg.produto1_2026.config.customgrant.CustomPasswordAuthenticationProvider.authenticate(CustomPasswordAuthenticationProvider.java:71)
	at org.springframework.security.authentication.ProviderManager.authenticate(ProviderManager.java:182)
	at org.springframework.security.oauth2.server.authorization.web.OAuth2TokenEndpointFilter.doFilterInternal(OAuth2TokenEndpointFilter.java:169)
	at org.springframework.web.filter.OncePerRequestFilter.doFilter(OncePerRequestFilter.java:116)
	at org.springframework.security.web.FilterChainProxy$VirtualFilterChain.doFilter(FilterChainProxy.java:374)
	at org.springframework.security.web.access.ExceptionTranslationFilter.doFilter(ExceptionTranslationFilter.java:125)
	at org.springframework.security.web.access.ExceptionTranslationFilter.doFilter(ExceptionTranslationFilter.java:119)
	at org.springframework.security.web.FilterChainProxy$VirtualFilterChain.doFilter(FilterChainProxy.java:374)
	at org.springframework.security.web.authentication.AnonymousAuthenticationFilter.doFilter(AnonymousAuthenticationFilter.java:100)
	at org.springframework.security.web.FilterChainProxy$VirtualFilterChain.doFilter(FilterChainProxy.java:374)
	at org.springframework.security.web.servletapi.SecurityContextHolderAwareRequestFilter.doFilter(SecurityContextHolderAwareRequestFilter.java:179)
	at org.springframework.security.web.FilterChainProxy$VirtualFilterChain.doFilter(FilterChainProxy.java:374)
	at org.springframework.security.web.savedrequest.RequestCacheAwareFilter.doFilter(RequestCacheAwareFilter.java:63)
	at org.springframework.security.web.FilterChainProxy$VirtualFilterChain.doFilter(FilterChainProxy.java:374)
	at org.springframework.security.web.authentication.AuthenticationFilter.doFilterInternal(AuthenticationFilter.java:177)
	at org.springframework.web.filter.OncePerRequestFilter.doFilter(OncePerRequestFilter.java:116)
	at org.springframework.security.web.FilterChainProxy$VirtualFilterChain.doFilter(FilterChainProxy.java:374)
	at org.springframework.security.oauth2.server.resource.web.authentication.BearerTokenAuthenticationFilter.doFilterInternal(BearerTokenAuthenticationFilter.java:135)
	at org.springframework.web.filter.OncePerRequestFilter.doFilter(OncePerRequestFilter.java:116)
	at org.springframework.security.web.FilterChainProxy$VirtualFilterChain.doFilter(FilterChainProxy.java:374)
	at org.springframework.security.oauth2.server.authorization.web.OAuth2ClientAuthenticationFilter.doFilterInternal(OAuth2ClientAuthenticationFilter.java:143)
	at org.springframework.web.filter.OncePerRequestFilter.doFilter(OncePerRequestFilter.java:116)
	at org.springframework.security.web.FilterChainProxy$VirtualFilterChain.doFilter(FilterChainProxy.java:374)
	at org.springframework.security.oauth2.server.authorization.web.NimbusJwkSetEndpointFilter.doFilterInternal(NimbusJwkSetEndpointFilter.java:88)
	at org.springframework.web.filter.OncePerRequestFilter.doFilter(OncePerRequestFilter.java:116)
	at org.springframework.security.web.FilterChainProxy$VirtualFilterChain.doFilter(FilterChainProxy.java:374)
	at org.springframework.security.oauth2.server.authorization.web.OAuth2DeviceVerificationEndpointFilter.doFilterInternal(OAuth2DeviceVerificationEndpointFilter.java:152)
	at org.springframework.web.filter.OncePerRequestFilter.doFilter(OncePerRequestFilter.java:116)
	at org.springframework.security.web.FilterChainProxy$VirtualFilterChain.doFilter(FilterChainProxy.java:374)
	at org.springframework.security.oauth2.server.authorization.web.OAuth2AuthorizationEndpointFilter.doFilterInternal(OAuth2AuthorizationEndpointFilter.java:177)
	at org.springframework.web.filter.OncePerRequestFilter.doFilter(OncePerRequestFilter.java:116)
	at org.springframework.security.web.FilterChainProxy$VirtualFilterChain.doFilter(FilterChainProxy.java:374)
	at org.springframework.security.oauth2.server.authorization.web.OAuth2AuthorizationServerMetadataEndpointFilter.doFilterInternal(OAuth2AuthorizationServerMetadataEndpointFilter.java:91)
	at org.springframework.web.filter.OncePerRequestFilter.doFilter(OncePerRequestFilter.java:116)
	at org.springframework.security.web.FilterChainProxy$VirtualFilterChain.doFilter(FilterChainProxy.java:374)
	at org.springframework.security.web.authentication.logout.LogoutFilter.doFilter(LogoutFilter.java:107)
	at org.springframework.security.web.authentication.logout.LogoutFilter.doFilter(LogoutFilter.java:93)
	at org.springframework.security.web.FilterChainProxy$VirtualFilterChain.doFilter(FilterChainProxy.java:374)
	at org.springframework.security.web.csrf.CsrfFilter.doFilterInternal(CsrfFilter.java:117)
	at org.springframework.web.filter.OncePerRequestFilter.doFilter(OncePerRequestFilter.java:116)
	at org.springframework.security.web.FilterChainProxy$VirtualFilterChain.doFilter(FilterChainProxy.java:374)
	at org.springframework.web.filter.CorsFilter.doFilterInternal(CorsFilter.java:91)
	at org.springframework.web.filter.OncePerRequestFilter.doFilter(OncePerRequestFilter.java:116)
	at org.springframework.security.web.FilterChainProxy$VirtualFilterChain.doFilter(FilterChainProxy.java:374)
	at org.springframework.security.web.header.HeaderWriterFilter.doHeadersAfter(HeaderWriterFilter.java:90)
	at org.springframework.security.web.header.HeaderWriterFilter.doFilterInternal(HeaderWriterFilter.java:75)
	at org.springframework.web.filter.OncePerRequestFilter.doFilter(OncePerRequestFilter.java:116)
	at org.springframework.security.web.FilterChainProxy$VirtualFilterChain.doFilter(FilterChainProxy.java:374)
	at org.springframework.security.oauth2.server.authorization.config.annotation.web.configurers.AuthorizationServerContextFilter.doFilterInternal(AuthorizationServerContextFilter.java:69)
	at org.springframework.web.filter.OncePerRequestFilter.doFilter(OncePerRequestFilter.java:116)
	at org.springframework.security.web.FilterChainProxy$VirtualFilterChain.doFilter(FilterChainProxy.java:374)
	at org.springframework.security.web.context.SecurityContextHolderFilter.doFilter(SecurityContextHolderFilter.java:82)
	at org.springframework.security.web.context.SecurityContextHolderFilter.doFilter(SecurityContextHolderFilter.java:69)
	at org.springframework.security.web.FilterChainProxy$VirtualFilterChain.doFilter(FilterChainProxy.java:374)
	at org.springframework.security.web.context.request.async.WebAsyncManagerIntegrationFilter.doFilterInternal(WebAsyncManagerIntegrationFilter.java:62)
	at org.springframework.web.filter.OncePerRequestFilter.doFilter(OncePerRequestFilter.java:116)
	at org.springframework.security.web.FilterChainProxy$VirtualFilterChain.doFilter(FilterChainProxy.java:374)
	at org.springframework.security.web.session.DisableEncodeUrlFilter.doFilterInternal(DisableEncodeUrlFilter.java:42)
	at org.springframework.web.filter.OncePerRequestFilter.doFilter(OncePerRequestFilter.java:116)
	at org.springframework.security.web.FilterChainProxy$VirtualFilterChain.doFilter(FilterChainProxy.java:374)
	at org.springframework.security.web.FilterChainProxy.doFilterInternal(FilterChainProxy.java:233)
	at org.springframework.security.web.FilterChainProxy.doFilter(FilterChainProxy.java:191)
	at org.springframework.web.filter.CompositeFilter$VirtualFilterChain.doFilter(CompositeFilter.java:113)
	at org.springframework.web.filter.ServletRequestPathFilter.doFilter(ServletRequestPathFilter.java:52)
	at org.springframework.web.filter.CompositeFilter$VirtualFilterChain.doFilter(CompositeFilter.java:113)
	at org.springframework.web.filter.CompositeFilter.doFilter(CompositeFilter.java:74)
	at org.springframework.security.config.annotation.web.configuration.WebSecurityConfiguration$CompositeFilterChainProxy.doFilter(WebSecurityConfiguration.java:319)
	at org.springframework.web.filter.CompositeFilter$VirtualFilterChain.doFilter(CompositeFilter.java:113)
	at org.springframework.web.servlet.handler.HandlerMappingIntrospector.lambda$createCacheFilter$4(HandlerMappingIntrospector.java:267)
	at org.springframework.web.filter.CompositeFilter$VirtualFilterChain.doFilter(CompositeFilter.java:113)
	at org.springframework.web.filter.CompositeFilter.doFilter(CompositeFilter.java:74)
	at org.springframework.security.config.annotation.web.configuration.WebMvcSecurityConfiguration$CompositeFilterChainProxy.doFilter(WebMvcSecurityConfiguration.java:240)
	at org.springframework.web.filter.DelegatingFilterProxy.invokeDelegate(DelegatingFilterProxy.java:362)
	at org.springframework.web.filter.DelegatingFilterProxy.doFilter(DelegatingFilterProxy.java:278)
	at org.apache.catalina.core.ApplicationFilterChain.internalDoFilter(ApplicationFilterChain.java:162)
	at org.apache.catalina.core.ApplicationFilterChain.doFilter(ApplicationFilterChain.java:138)
	at org.springframework.web.filter.RequestContextFilter.doFilterInternal(RequestContextFilter.java:100)
	at org.springframework.web.filter.OncePerRequestFilter.doFilter(OncePerRequestFilter.java:116)
	at org.apache.catalina.core.ApplicationFilterChain.internalDoFilter(ApplicationFilterChain.java:162)
	at org.apache.catalina.core.ApplicationFilterChain.doFilter(ApplicationFilterChain.java:138)
	at org.springframework.web.filter.FormContentFilter.doFilterInternal(FormContentFilter.java:93)
	at org.springframework.web.filter.OncePerRequestFilter.doFilter(OncePerRequestFilter.java:116)
	at org.apache.catalina.core.ApplicationFilterChain.internalDoFilter(ApplicationFilterChain.java:162)
	at org.apache.catalina.core.ApplicationFilterChain.doFilter(ApplicationFilterChain.java:138)
	at org.springframework.web.filter.CharacterEncodingFilter.doFilterInternal(CharacterEncodingFilter.java:201)
	at org.springframework.web.filter.OncePerRequestFilter.doFilter(OncePerRequestFilter.java:116)
	at org.apache.catalina.core.ApplicationFilterChain.internalDoFilter(ApplicationFilterChain.java:162)
	at org.apache.catalina.core.ApplicationFilterChain.doFilter(ApplicationFilterChain.java:138)
	at org.springframework.web.filter.CorsFilter.doFilterInternal(CorsFilter.java:91)
	at org.springframework.web.filter.OncePerRequestFilter.doFilter(OncePerRequestFilter.java:116)
	at org.apache.catalina.core.ApplicationFilterChain.internalDoFilter(ApplicationFilterChain.java:162)
	at org.apache.catalina.core.ApplicationFilterChain.doFilter(ApplicationFilterChain.java:138)
	at org.apache.catalina.core.StandardWrapperValve.invoke(StandardWrapperValve.java:165)
	at org.apache.catalina.core.StandardContextValve.invoke(StandardContextValve.java:88)
	at org.apache.catalina.authenticator.AuthenticatorBase.invoke(AuthenticatorBase.java:492)
	at org.apache.catalina.core.StandardHostValve.invoke(StandardHostValve.java:113)
	at org.apache.catalina.valves.ErrorReportValve.invoke(ErrorReportValve.java:83)
	at org.apache.catalina.core.StandardEngineValve.invoke(StandardEngineValve.java:72)
	at org.apache.catalina.connector.CoyoteAdapter.service(CoyoteAdapter.java:342)
	at org.apache.coyote.http11.Http11Processor.service(Http11Processor.java:399)
	at org.apache.coyote.AbstractProcessorLight.process(AbstractProcessorLight.java:63)
	at org.apache.coyote.AbstractProtocol$ConnectionHandler.process(AbstractProtocol.java:903)
	at org.apache.tomcat.util.net.NioEndpoint$SocketProcessor.doRun(NioEndpoint.java:1775)
	at org.apache.tomcat.util.net.SocketProcessorBase.run(SocketProcessorBase.java:52)
	at org.apache.tomcat.util.threads.ThreadPoolExecutor.runWorker(ThreadPoolExecutor.java:973)
	at org.apache.tomcat.util.threads.ThreadPoolExecutor$Worker.run(ThreadPoolExecutor.java:491)
	at org.apache.tomcat.util.threads.TaskThread$WrappingRunnable.run(TaskThread.java:63)
	at java.base/java.lang.Thread.run(Thread.java:1474)
Caused by: org.hibernate.exception.SQLGrammarException: could not prepare statement [Column "E.EMAIL" not found; SQL statement:
SELECT u.email as username,
u.id as password,
p.id as roleId,
p.autoridade as authority
FROM tb_usuario u
INNER JOIN tb_usuario_role up ON up.id_usuario = u.id
INNER JOIN tb_role p ON p.id = up.id_perfil
WHERE e.email = ? [42122-232]] [SELECT u.email as username,
u.id as password,
p.id as roleId,
p.autoridade as authority
FROM tb_usuario u
INNER JOIN tb_usuario_role up ON up.id_usuario = u.id
INNER JOIN tb_role p ON p.id = up.id_perfil
WHERE e.email = ?
]
	at org.hibernate.exception.internal.SQLExceptionTypeDelegate.convert(SQLExceptionTypeDelegate.java:66)
	at org.hibernate.exception.internal.StandardSQLExceptionConverter.convert(StandardSQLExceptionConverter.java:58)
	at org.hibernate.engine.jdbc.spi.SqlExceptionHelper.convert(SqlExceptionHelper.java:108)
	at org.hibernate.engine.jdbc.internal.StatementPreparerImpl$StatementPreparationTemplate.prepareStatement(StatementPreparerImpl.java:191)
	at org.hibernate.engine.jdbc.internal.StatementPreparerImpl.prepareQueryStatement(StatementPreparerImpl.java:153)
	at org.hibernate.sql.exec.internal.StandardStatementCreator.createStatement(StandardStatementCreator.java:49)
	at org.hibernate.sql.results.jdbc.internal.DeferredResultSetAccess.executeQuery(DeferredResultSetAccess.java:236)
	at org.hibernate.sql.results.jdbc.internal.DeferredResultSetAccess.getResultSet(DeferredResultSetAccess.java:172)
	at org.hibernate.sql.results.jdbc.internal.AbstractResultSetAccess.getMetaData(AbstractResultSetAccess.java:36)
	at org.hibernate.sql.results.jdbc.internal.AbstractResultSetAccess.getColumnCount(AbstractResultSetAccess.java:52)
	at org.hibernate.query.results.ResultSetMappingImpl.resolve(ResultSetMappingImpl.java:194)
	at org.hibernate.sql.exec.internal.JdbcSelectExecutorStandardImpl.resolveJdbcValuesSource(JdbcSelectExecutorStandardImpl.java:340)
	at org.hibernate.sql.exec.internal.JdbcSelectExecutorStandardImpl.doExecuteQuery(JdbcSelectExecutorStandardImpl.java:137)
	at org.hibernate.sql.exec.internal.JdbcSelectExecutorStandardImpl.executeQuery(JdbcSelectExecutorStandardImpl.java:102)
	at org.hibernate.sql.exec.spi.JdbcSelectExecutor.executeQuery(JdbcSelectExecutor.java:91)
	at org.hibernate.sql.exec.spi.JdbcSelectExecutor.list(JdbcSelectExecutor.java:165)
	at org.hibernate.sql.exec.spi.JdbcSelectExecutor.list(JdbcSelectExecutor.java:142)
	at org.hibernate.sql.exec.spi.JdbcSelectExecutor.list(JdbcSelectExecutor.java:132)
	at org.hibernate.query.sql.internal.NativeSelectQueryPlanImpl.performList(NativeSelectQueryPlanImpl.java:135)
	at org.hibernate.query.sql.internal.NativeQueryImpl.doList(NativeQueryImpl.java:697)
	at org.hibernate.query.spi.AbstractSelectionQuery.list(AbstractSelectionQuery.java:143)
	at org.hibernate.query.Query.getResultList(Query.java:120)
	at java.base/jdk.internal.reflect.DirectMethodHandleAccessor.invoke(DirectMethodHandleAccessor.java:104)
	at java.base/java.lang.reflect.Method.invoke(Method.java:565)
	at org.springframework.orm.jpa.SharedEntityManagerCreator$DeferredQueryInvocationHandler.invoke(SharedEntityManagerCreator.java:419)
	at jdk.proxy2/jdk.proxy2.$Proxy175.getResultList(Unknown Source)
	at org.springframework.data.jpa.repository.query.JpaQueryExecution$CollectionExecution.doExecute(JpaQueryExecution.java:132)
	at org.springframework.data.jpa.repository.query.JpaQueryExecution.execute(JpaQueryExecution.java:95)
	at org.springframework.data.jpa.repository.query.AbstractJpaQuery.doExecute(AbstractJpaQuery.java:160)
	at org.springframework.data.jpa.repository.query.AbstractJpaQuery.execute(AbstractJpaQuery.java:148)
	at org.springframework.data.repository.core.support.RepositoryMethodInvoker.doInvoke(RepositoryMethodInvoker.java:170)
	at org.springframework.data.repository.core.support.RepositoryMethodInvoker.invoke(RepositoryMethodInvoker.java:158)
	at org.springframework.data.repository.core.support.QueryExecutorMethodInterceptor.doInvoke(QueryExecutorMethodInterceptor.java:170)
	at org.springframework.data.repository.core.support.QueryExecutorMethodInterceptor.invoke(QueryExecutorMethodInterceptor.java:149)
	at org.springframework.aop.framework.ReflectiveMethodInvocation.proceed(ReflectiveMethodInvocation.java:184)
	at org.springframework.data.projection.DefaultMethodInvokingMethodInterceptor.invoke(DefaultMethodInvokingMethodInterceptor.java:69)
	at org.springframework.aop.framework.ReflectiveMethodInvocation.proceed(ReflectiveMethodInvocation.java:184)
	at org.springframework.transaction.interceptor.TransactionAspectSupport.invokeWithinTransaction(TransactionAspectSupport.java:380)
	at org.springframework.transaction.interceptor.TransactionInterceptor.invoke(TransactionInterceptor.java:119)
	at org.springframework.aop.framework.ReflectiveMethodInvocation.proceed(ReflectiveMethodInvocation.java:184)
	at org.springframework.dao.support.PersistenceExceptionTranslationInterceptor.invoke(PersistenceExceptionTranslationInterceptor.java:138)
	... 119 common frames omitted
Caused by: org.h2.jdbc.JdbcSQLSyntaxErrorException: Column "E.EMAIL" not found; SQL statement:
SELECT u.email as username,
u.id as password,
p.id as roleId,
p.autoridade as authority
FROM tb_usuario u
INNER JOIN tb_usuario_role up ON up.id_usuario = u.id
INNER JOIN tb_role p ON p.id = up.id_perfil
WHERE e.email = ? [42122-232]
	at org.h2.message.DbException.getJdbcSQLException(DbException.java:514)
	at org.h2.message.DbException.getJdbcSQLException(DbException.java:489)
	at org.h2.message.DbException.get(DbException.java:223)
	at org.h2.message.DbException.get(DbException.java:199)
	at org.h2.expression.ExpressionColumn.getColumnException(ExpressionColumn.java:244)
	at org.h2.expression.ExpressionColumn.optimizeOther(ExpressionColumn.java:226)
	at org.h2.expression.ExpressionColumn.optimize(ExpressionColumn.java:213)
	at org.h2.expression.condition.Comparison.optimize(Comparison.java:147)
	at org.h2.expression.condition.ConditionAndOr.optimize(ConditionAndOr.java:136)
	at org.h2.expression.Expression.optimizeCondition(Expression.java:148)
	at org.h2.command.query.Select.prepareExpressions(Select.java:1235)
	at org.h2.command.query.Query.prepare(Query.java:232)
	at org.h2.command.Parser.prepareCommand(Parser.java:489)
	at org.h2.engine.SessionLocal.prepareLocal(SessionLocal.java:645)
	at org.h2.engine.SessionLocal.prepareCommand(SessionLocal.java:561)
	at org.h2.jdbc.JdbcConnection.prepareCommand(JdbcConnection.java:1164)
	at org.h2.jdbc.JdbcPreparedStatement.<init>(JdbcPreparedStatement.java:93)
	at org.h2.jdbc.JdbcConnection.prepareStatement(JdbcConnection.java:687)
	at com.zaxxer.hikari.pool.ProxyConnection.prepareStatement(ProxyConnection.java:342)
	at com.zaxxer.hikari.pool.HikariProxyConnection.prepareStatement(HikariProxyConnection.java)
	at org.hibernate.engine.jdbc.internal.StatementPreparerImpl$4.doPrepare(StatementPreparerImpl.java:151)
	at org.hibernate.engine.jdbc.internal.StatementPreparerImpl$StatementPreparationTemplate.prepareStatement(StatementPreparerImpl.java:180)
	... 156 common frames omitted
2026-05-15 10:43:47.583 [SpringApplicationShutdownHook] INFO  >>> com.zaxxer.hikari.HikariDataSource - HikariPool-1 - Shutdown initiated...
2026-05-15 10:43:47.586 [SpringApplicationShutdownHook] INFO  >>> com.zaxxer.hikari.HikariDataSource - HikariPool-1 - Shutdown completed.
2026-05-15 10:43:52.828 [background-preinit] INFO  >>> o.h.validator.internal.util.Version - HV000001: Hibernate Validator 8.0.3.Final
2026-05-15 10:43:52.897 [main] INFO  >>> b.i.p.Produto12026Application - Starting Produto12026Application using Java 25.0.2 with PID 19572 (C:\Users\Petricks\Documents\graduacao\7periodo\back-end\produto1-2026\target\classes started by Petricks in C:\Users\Petricks\Documents\graduacao\7periodo\back-end\produto1-2026)
2026-05-15 10:43:52.899 [main] INFO  >>> b.i.p.Produto12026Application - The following 1 profile is active: "prod"
2026-05-15 10:43:55.605 [main] INFO  >>> o.a.coyote.http11.Http11NioProtocol - Initializing ProtocolHandler ["http-nio-8080"]
2026-05-15 10:43:55.608 [main] INFO  >>> o.a.catalina.core.StandardService - Starting service [Tomcat]
2026-05-15 10:43:55.609 [main] INFO  >>> o.a.catalina.core.StandardEngine - Starting Servlet engine: [Apache Tomcat/10.1.52]
2026-05-15 10:43:55.697 [main] INFO  >>> o.a.c.c.C.[Tomcat].[localhost].[/] - Initializing Spring embedded WebApplicationContext
2026-05-15 10:43:55.973 [main] INFO  >>> com.zaxxer.hikari.HikariDataSource - HikariPool-1 - Starting...
2026-05-15 10:43:56.278 [main] INFO  >>> com.zaxxer.hikari.pool.HikariPool - HikariPool-1 - Added connection conn0: url=jdbc:h2:mem:testdb user=SA
2026-05-15 10:43:56.280 [main] INFO  >>> com.zaxxer.hikari.HikariDataSource - HikariPool-1 - Start completed.
2026-05-15 10:43:56.342 [main] INFO  >>> o.h.jpa.internal.util.LogHelper - HHH000204: Processing PersistenceUnitInfo [name: default]
2026-05-15 10:43:56.418 [main] INFO  >>> org.hibernate.Version - HHH000412: Hibernate ORM core version 6.6.42.Final
2026-05-15 10:43:56.464 [main] INFO  >>> o.h.c.i.RegionFactoryInitiator - HHH000026: Second-level cache disabled
2026-05-15 10:43:56.971 [main] INFO  >>> o.hibernate.orm.connections.pooling - HHH10001005: Database info:
	Database JDBC URL [Connecting through datasource 'HikariDataSource (HikariPool-1)']
	Database driver: undefined/unknown
	Database version: 2.3.232
	Autocommit mode: undefined/unknown
	Isolation level: undefined/unknown
	Minimum pool size: undefined/unknown
	Maximum pool size: undefined/unknown
2026-05-15 10:43:58.484 [main] INFO  >>> o.h.e.t.j.p.i.JtaPlatformInitiator - HHH000489: No JTA platform available (set 'hibernate.transaction.jta.platform' to enable JTA platform integration)
2026-05-15 10:44:02.855 [main] INFO  >>> o.a.coyote.http11.Http11NioProtocol - Starting ProtocolHandler ["http-nio-8080"]
2026-05-15 10:44:02.895 [main] INFO  >>> b.i.p.Produto12026Application - Started Produto12026Application in 10.921 seconds (process running for 12.137)
2026-05-15 10:44:03.064 [main] WARN  >>> o.s.c.events.SpringDocAppInitializer - SpringDoc /api-docs endpoint is enabled by default. To disable it in production, set the property 'springdoc.api-docs.enabled=false'
2026-05-15 10:44:03.064 [main] WARN  >>> o.s.c.events.SpringDocAppInitializer - SpringDoc /swagger-ui.html endpoint is enabled by default. To disable it in production, set the property 'springdoc.swagger-ui.enabled=false'
2026-05-15 10:44:07.066 [http-nio-8080-exec-1] INFO  >>> o.a.c.c.C.[Tomcat].[localhost].[/] - Initializing Spring DispatcherServlet 'dispatcherServlet'
2026-05-15 10:44:07.895 [http-nio-8080-exec-1] WARN  >>> o.s.s.c.bcrypt.BCryptPasswordEncoder - Encoded password does not look like BCrypt
2026-05-15 10:45:08.808 [http-nio-8080-exec-7] WARN  >>> o.s.s.c.bcrypt.BCryptPasswordEncoder - Encoded password does not look like BCrypt
2026-05-15 10:57:17.057 [http-nio-8080-exec-6] WARN  >>> o.s.s.c.bcrypt.BCryptPasswordEncoder - Encoded password does not look like BCrypt
2026-05-15 10:57:59.607 [http-nio-8080-exec-2] WARN  >>> o.s.s.c.bcrypt.BCryptPasswordEncoder - Encoded password does not look like BCrypt
2026-05-15 11:17:16.121 [SpringApplicationShutdownHook] INFO  >>> com.zaxxer.hikari.HikariDataSource - HikariPool-1 - Shutdown initiated...
2026-05-15 11:17:16.123 [SpringApplicationShutdownHook] INFO  >>> com.zaxxer.hikari.HikariDataSource - HikariPool-1 - Shutdown completed.
2026-05-15 11:17:20.570 [background-preinit] INFO  >>> o.h.validator.internal.util.Version - HV000001: Hibernate Validator 8.0.3.Final
2026-05-15 11:17:20.625 [main] INFO  >>> b.i.p.Produto12026Application - Starting Produto12026Application using Java 25.0.2 with PID 22856 (C:\Users\Petricks\Documents\graduacao\7periodo\back-end\produto1-2026\target\classes started by Petricks in C:\Users\Petricks\Documents\graduacao\7periodo\back-end\produto1-2026)
2026-05-15 11:17:20.626 [main] INFO  >>> b.i.p.Produto12026Application - The following 1 profile is active: "prod"
2026-05-15 11:17:22.584 [main] INFO  >>> o.a.coyote.http11.Http11NioProtocol - Initializing ProtocolHandler ["http-nio-8080"]
2026-05-15 11:17:22.587 [main] INFO  >>> o.a.catalina.core.StandardService - Starting service [Tomcat]
2026-05-15 11:17:22.587 [main] INFO  >>> o.a.catalina.core.StandardEngine - Starting Servlet engine: [Apache Tomcat/10.1.52]
2026-05-15 11:17:22.688 [main] INFO  >>> o.a.c.c.C.[Tomcat].[localhost].[/] - Initializing Spring embedded WebApplicationContext
2026-05-15 11:17:22.958 [main] INFO  >>> com.zaxxer.hikari.HikariDataSource - HikariPool-1 - Starting...
2026-05-15 11:17:23.240 [main] INFO  >>> com.zaxxer.hikari.pool.HikariPool - HikariPool-1 - Added connection conn0: url=jdbc:h2:mem:testdb user=SA
2026-05-15 11:17:23.242 [main] INFO  >>> com.zaxxer.hikari.HikariDataSource - HikariPool-1 - Start completed.
2026-05-15 11:17:23.289 [main] INFO  >>> o.h.jpa.internal.util.LogHelper - HHH000204: Processing PersistenceUnitInfo [name: default]
2026-05-15 11:17:23.346 [main] INFO  >>> org.hibernate.Version - HHH000412: Hibernate ORM core version 6.6.42.Final
2026-05-15 11:17:23.387 [main] INFO  >>> o.h.c.i.RegionFactoryInitiator - HHH000026: Second-level cache disabled
2026-05-15 11:17:23.865 [main] INFO  >>> o.hibernate.orm.connections.pooling - HHH10001005: Database info:
	Database JDBC URL [Connecting through datasource 'HikariDataSource (HikariPool-1)']
	Database driver: undefined/unknown
	Database version: 2.3.232
	Autocommit mode: undefined/unknown
	Isolation level: undefined/unknown
	Minimum pool size: undefined/unknown
	Maximum pool size: undefined/unknown
2026-05-15 11:17:25.194 [main] INFO  >>> o.h.e.t.j.p.i.JtaPlatformInitiator - HHH000489: No JTA platform available (set 'hibernate.transaction.jta.platform' to enable JTA platform integration)
2026-05-15 11:17:29.966 [main] INFO  >>> o.a.coyote.http11.Http11NioProtocol - Starting ProtocolHandler ["http-nio-8080"]
2026-05-15 11:17:30.009 [main] INFO  >>> b.i.p.Produto12026Application - Started Produto12026Application in 10.078 seconds (process running for 10.86)
2026-05-15 11:17:30.149 [main] WARN  >>> o.s.c.events.SpringDocAppInitializer - SpringDoc /api-docs endpoint is enabled by default. To disable it in production, set the property 'springdoc.api-docs.enabled=false'
2026-05-15 11:17:30.149 [main] WARN  >>> o.s.c.events.SpringDocAppInitializer - SpringDoc /swagger-ui.html endpoint is enabled by default. To disable it in production, set the property 'springdoc.swagger-ui.enabled=false'
2026-05-15 11:22:31.016 [SpringApplicationShutdownHook] INFO  >>> com.zaxxer.hikari.HikariDataSource - HikariPool-1 - Shutdown initiated...
2026-05-15 11:22:31.021 [SpringApplicationShutdownHook] INFO  >>> com.zaxxer.hikari.HikariDataSource - HikariPool-1 - Shutdown completed.
2026-05-15 11:22:34.444 [background-preinit] INFO  >>> o.h.validator.internal.util.Version - HV000001: Hibernate Validator 8.0.3.Final
2026-05-15 11:22:34.503 [main] INFO  >>> b.i.p.Produto12026Application - Starting Produto12026Application using Java 25.0.2 with PID 21296 (C:\Users\Petricks\Documents\graduacao\7periodo\back-end\produto1-2026\target\classes started by Petricks in C:\Users\Petricks\Documents\graduacao\7periodo\back-end\produto1-2026)
2026-05-15 11:22:34.504 [main] INFO  >>> b.i.p.Produto12026Application - The following 1 profile is active: "prod"
2026-05-15 11:22:36.844 [main] INFO  >>> o.a.coyote.http11.Http11NioProtocol - Initializing ProtocolHandler ["http-nio-8080"]
2026-05-15 11:22:36.846 [main] INFO  >>> o.a.catalina.core.StandardService - Starting service [Tomcat]
2026-05-15 11:22:36.847 [main] INFO  >>> o.a.catalina.core.StandardEngine - Starting Servlet engine: [Apache Tomcat/10.1.52]
2026-05-15 11:22:36.954 [main] INFO  >>> o.a.c.c.C.[Tomcat].[localhost].[/] - Initializing Spring embedded WebApplicationContext
2026-05-15 11:22:37.225 [main] INFO  >>> com.zaxxer.hikari.HikariDataSource - HikariPool-1 - Starting...
2026-05-15 11:22:37.498 [main] INFO  >>> com.zaxxer.hikari.pool.HikariPool - HikariPool-1 - Added connection conn0: url=jdbc:h2:mem:testdb user=SA
2026-05-15 11:22:37.500 [main] INFO  >>> com.zaxxer.hikari.HikariDataSource - HikariPool-1 - Start completed.
2026-05-15 11:22:37.547 [main] INFO  >>> o.h.jpa.internal.util.LogHelper - HHH000204: Processing PersistenceUnitInfo [name: default]
2026-05-15 11:22:37.603 [main] INFO  >>> org.hibernate.Version - HHH000412: Hibernate ORM core version 6.6.42.Final
2026-05-15 11:22:37.643 [main] INFO  >>> o.h.c.i.RegionFactoryInitiator - HHH000026: Second-level cache disabled
2026-05-15 11:22:38.105 [main] INFO  >>> o.hibernate.orm.connections.pooling - HHH10001005: Database info:
	Database JDBC URL [Connecting through datasource 'HikariDataSource (HikariPool-1)']
	Database driver: undefined/unknown
	Database version: 2.3.232
	Autocommit mode: undefined/unknown
	Isolation level: undefined/unknown
	Minimum pool size: undefined/unknown
	Maximum pool size: undefined/unknown
2026-05-15 11:22:39.448 [main] INFO  >>> o.h.e.t.j.p.i.JtaPlatformInitiator - HHH000489: No JTA platform available (set 'hibernate.transaction.jta.platform' to enable JTA platform integration)
2026-05-15 11:22:43.689 [main] INFO  >>> o.a.coyote.http11.Http11NioProtocol - Starting ProtocolHandler ["http-nio-8080"]
2026-05-15 11:22:43.725 [main] INFO  >>> b.i.p.Produto12026Application - Started Produto12026Application in 10.039 seconds (process running for 11.156)
2026-05-15 11:22:43.866 [main] WARN  >>> o.s.c.events.SpringDocAppInitializer - SpringDoc /api-docs endpoint is enabled by default. To disable it in production, set the property 'springdoc.api-docs.enabled=false'
2026-05-15 11:22:43.867 [main] WARN  >>> o.s.c.events.SpringDocAppInitializer - SpringDoc /swagger-ui.html endpoint is enabled by default. To disable it in production, set the property 'springdoc.swagger-ui.enabled=false'
2026-05-15 11:22:57.639 [http-nio-8080-exec-1] INFO  >>> o.a.c.c.C.[Tomcat].[localhost].[/] - Initializing Spring DispatcherServlet 'dispatcherServlet'
2026-05-15 11:22:58.432 [http-nio-8080-exec-1] WARN  >>> o.s.s.c.bcrypt.BCryptPasswordEncoder - Encoded password does not look like BCrypt
2026-05-15 11:24:47.694 [http-nio-8080-exec-7] WARN  >>> o.s.s.c.bcrypt.BCryptPasswordEncoder - Encoded password does not look like BCrypt
2026-05-15 11:25:13.490 [http-nio-8080-exec-5] WARN  >>> o.s.s.c.bcrypt.BCryptPasswordEncoder - Encoded password does not look like BCrypt
2026-05-15 11:25:48.155 [SpringApplicationShutdownHook] INFO  >>> com.zaxxer.hikari.HikariDataSource - HikariPool-1 - Shutdown initiated...
2026-05-15 11:25:48.159 [SpringApplicationShutdownHook] INFO  >>> com.zaxxer.hikari.HikariDataSource - HikariPool-1 - Shutdown completed.
2026-05-15 11:25:50.838 [background-preinit] INFO  >>> o.h.validator.internal.util.Version - HV000001: Hibernate Validator 8.0.3.Final
2026-05-15 11:25:50.901 [main] INFO  >>> b.i.p.Produto12026Application - Starting Produto12026Application using Java 25.0.2 with PID 9520 (C:\Users\Petricks\Documents\graduacao\7periodo\back-end\produto1-2026\target\classes started by Petricks in C:\Users\Petricks\Documents\graduacao\7periodo\back-end\produto1-2026)
2026-05-15 11:25:50.902 [main] INFO  >>> b.i.p.Produto12026Application - The following 1 profile is active: "prod"
2026-05-15 11:25:52.856 [main] INFO  >>> o.a.coyote.http11.Http11NioProtocol - Initializing ProtocolHandler ["http-nio-8080"]
2026-05-15 11:25:52.859 [main] INFO  >>> o.a.catalina.core.StandardService - Starting service [Tomcat]
2026-05-15 11:25:52.859 [main] INFO  >>> o.a.catalina.core.StandardEngine - Starting Servlet engine: [Apache Tomcat/10.1.52]
2026-05-15 11:25:52.970 [main] INFO  >>> o.a.c.c.C.[Tomcat].[localhost].[/] - Initializing Spring embedded WebApplicationContext
2026-05-15 11:25:53.306 [main] INFO  >>> com.zaxxer.hikari.HikariDataSource - HikariPool-1 - Starting...
2026-05-15 11:25:53.567 [main] INFO  >>> com.zaxxer.hikari.pool.HikariPool - HikariPool-1 - Added connection conn0: url=jdbc:h2:mem:testdb user=SA
2026-05-15 11:25:53.569 [main] INFO  >>> com.zaxxer.hikari.HikariDataSource - HikariPool-1 - Start completed.
2026-05-15 11:25:53.630 [main] INFO  >>> o.h.jpa.internal.util.LogHelper - HHH000204: Processing PersistenceUnitInfo [name: default]
2026-05-15 11:25:53.696 [main] INFO  >>> org.hibernate.Version - HHH000412: Hibernate ORM core version 6.6.42.Final
2026-05-15 11:25:53.761 [main] INFO  >>> o.h.c.i.RegionFactoryInitiator - HHH000026: Second-level cache disabled
2026-05-15 11:25:54.304 [main] INFO  >>> o.hibernate.orm.connections.pooling - HHH10001005: Database info:
	Database JDBC URL [Connecting through datasource 'HikariDataSource (HikariPool-1)']
	Database driver: undefined/unknown
	Database version: 2.3.232
	Autocommit mode: undefined/unknown
	Isolation level: undefined/unknown
	Minimum pool size: undefined/unknown
	Maximum pool size: undefined/unknown
2026-05-15 11:25:55.644 [main] INFO  >>> o.h.e.t.j.p.i.JtaPlatformInitiator - HHH000489: No JTA platform available (set 'hibernate.transaction.jta.platform' to enable JTA platform integration)
2026-05-15 11:25:59.135 [main] INFO  >>> o.a.coyote.http11.Http11NioProtocol - Starting ProtocolHandler ["http-nio-8080"]
2026-05-15 11:25:59.172 [main] INFO  >>> b.i.p.Produto12026Application - Started Produto12026Application in 8.897 seconds (process running for 9.811)
2026-05-15 11:25:59.323 [main] WARN  >>> o.s.c.events.SpringDocAppInitializer - SpringDoc /api-docs endpoint is enabled by default. To disable it in production, set the property 'springdoc.api-docs.enabled=false'
2026-05-15 11:25:59.324 [main] WARN  >>> o.s.c.events.SpringDocAppInitializer - SpringDoc /swagger-ui.html endpoint is enabled by default. To disable it in production, set the property 'springdoc.swagger-ui.enabled=false'
2026-05-15 11:27:57.229 [http-nio-8080-exec-9] INFO  >>> o.a.c.c.C.[Tomcat].[localhost].[/] - Initializing Spring DispatcherServlet 'dispatcherServlet'
2026-05-15 11:27:57.841 [http-nio-8080-exec-9] WARN  >>> o.s.s.c.bcrypt.BCryptPasswordEncoder - Encoded password does not look like BCrypt
2026-05-15 11:30:28.631 [SpringApplicationShutdownHook] INFO  >>> com.zaxxer.hikari.HikariDataSource - HikariPool-1 - Shutdown initiated...
2026-05-15 11:30:28.634 [SpringApplicationShutdownHook] INFO  >>> com.zaxxer.hikari.HikariDataSource - HikariPool-1 - Shutdown completed.
2026-05-15 11:30:32.650 [background-preinit] INFO  >>> o.h.validator.internal.util.Version - HV000001: Hibernate Validator 8.0.3.Final
2026-05-15 11:30:32.712 [main] INFO  >>> b.i.p.Produto12026Application - Starting Produto12026Application using Java 25.0.2 with PID 22200 (C:\Users\Petricks\Documents\graduacao\7periodo\back-end\produto1-2026\target\classes started by Petricks in C:\Users\Petricks\Documents\graduacao\7periodo\back-end\produto1-2026)
2026-05-15 11:30:32.713 [main] INFO  >>> b.i.p.Produto12026Application - The following 1 profile is active: "prod"
2026-05-15 11:30:34.945 [main] INFO  >>> o.a.coyote.http11.Http11NioProtocol - Initializing ProtocolHandler ["http-nio-8080"]
2026-05-15 11:30:34.947 [main] INFO  >>> o.a.catalina.core.StandardService - Starting service [Tomcat]
2026-05-15 11:30:34.948 [main] INFO  >>> o.a.catalina.core.StandardEngine - Starting Servlet engine: [Apache Tomcat/10.1.52]
2026-05-15 11:30:35.050 [main] INFO  >>> o.a.c.c.C.[Tomcat].[localhost].[/] - Initializing Spring embedded WebApplicationContext
2026-05-15 11:30:35.310 [main] INFO  >>> com.zaxxer.hikari.HikariDataSource - HikariPool-1 - Starting...
2026-05-15 11:30:35.595 [main] INFO  >>> com.zaxxer.hikari.pool.HikariPool - HikariPool-1 - Added connection conn0: url=jdbc:h2:mem:testdb user=SA
2026-05-15 11:30:35.597 [main] INFO  >>> com.zaxxer.hikari.HikariDataSource - HikariPool-1 - Start completed.
2026-05-15 11:30:35.649 [main] INFO  >>> o.h.jpa.internal.util.LogHelper - HHH000204: Processing PersistenceUnitInfo [name: default]
2026-05-15 11:30:35.710 [main] INFO  >>> org.hibernate.Version - HHH000412: Hibernate ORM core version 6.6.42.Final
2026-05-15 11:30:35.753 [main] INFO  >>> o.h.c.i.RegionFactoryInitiator - HHH000026: Second-level cache disabled
2026-05-15 11:30:36.223 [main] INFO  >>> o.hibernate.orm.connections.pooling - HHH10001005: Database info:
	Database JDBC URL [Connecting through datasource 'HikariDataSource (HikariPool-1)']
	Database driver: undefined/unknown
	Database version: 2.3.232
	Autocommit mode: undefined/unknown
	Isolation level: undefined/unknown
	Minimum pool size: undefined/unknown
	Maximum pool size: undefined/unknown
2026-05-15 11:30:37.549 [main] INFO  >>> o.h.e.t.j.p.i.JtaPlatformInitiator - HHH000489: No JTA platform available (set 'hibernate.transaction.jta.platform' to enable JTA platform integration)
2026-05-15 11:30:41.234 [main] INFO  >>> o.a.coyote.http11.Http11NioProtocol - Starting ProtocolHandler ["http-nio-8080"]
2026-05-15 11:30:41.287 [main] INFO  >>> b.i.p.Produto12026Application - Started Produto12026Application in 9.255 seconds (process running for 9.985)
2026-05-15 11:30:41.527 [main] WARN  >>> o.s.c.events.SpringDocAppInitializer - SpringDoc /api-docs endpoint is enabled by default. To disable it in production, set the property 'springdoc.api-docs.enabled=false'
2026-05-15 11:30:41.527 [main] WARN  >>> o.s.c.events.SpringDocAppInitializer - SpringDoc /swagger-ui.html endpoint is enabled by default. To disable it in production, set the property 'springdoc.swagger-ui.enabled=false'
2026-05-15 11:30:47.040 [http-nio-8080-exec-1] INFO  >>> o.a.c.c.C.[Tomcat].[localhost].[/] - Initializing Spring DispatcherServlet 'dispatcherServlet'
2026-05-15 11:31:14.635 [SpringApplicationShutdownHook] INFO  >>> com.zaxxer.hikari.HikariDataSource - HikariPool-1 - Shutdown initiated...
2026-05-15 11:31:14.638 [SpringApplicationShutdownHook] INFO  >>> com.zaxxer.hikari.HikariDataSource - HikariPool-1 - Shutdown completed.
2026-05-15 11:31:18.513 [background-preinit] INFO  >>> o.h.validator.internal.util.Version - HV000001: Hibernate Validator 8.0.3.Final
2026-05-15 11:31:18.556 [main] INFO  >>> b.i.p.Produto12026Application - Starting Produto12026Application using Java 25.0.2 with PID 19408 (C:\Users\Petricks\Documents\graduacao\7periodo\back-end\produto1-2026\target\classes started by Petricks in C:\Users\Petricks\Documents\graduacao\7periodo\back-end\produto1-2026)
2026-05-15 11:31:18.557 [main] INFO  >>> b.i.p.Produto12026Application - The following 1 profile is active: "prod"
2026-05-15 11:31:20.483 [main] INFO  >>> o.a.coyote.http11.Http11NioProtocol - Initializing ProtocolHandler ["http-nio-8080"]
2026-05-15 11:31:20.485 [main] INFO  >>> o.a.catalina.core.StandardService - Starting service [Tomcat]
2026-05-15 11:31:20.485 [main] INFO  >>> o.a.catalina.core.StandardEngine - Starting Servlet engine: [Apache Tomcat/10.1.52]
2026-05-15 11:31:20.579 [main] INFO  >>> o.a.c.c.C.[Tomcat].[localhost].[/] - Initializing Spring embedded WebApplicationContext
2026-05-15 11:31:20.796 [main] INFO  >>> com.zaxxer.hikari.HikariDataSource - HikariPool-1 - Starting...
2026-05-15 11:31:21.043 [main] INFO  >>> com.zaxxer.hikari.pool.HikariPool - HikariPool-1 - Added connection conn0: url=jdbc:h2:mem:testdb user=SA
2026-05-15 11:31:21.044 [main] INFO  >>> com.zaxxer.hikari.HikariDataSource - HikariPool-1 - Start completed.
2026-05-15 11:31:21.087 [main] INFO  >>> o.h.jpa.internal.util.LogHelper - HHH000204: Processing PersistenceUnitInfo [name: default]
2026-05-15 11:31:21.152 [main] INFO  >>> org.hibernate.Version - HHH000412: Hibernate ORM core version 6.6.42.Final
2026-05-15 11:31:21.203 [main] INFO  >>> o.h.c.i.RegionFactoryInitiator - HHH000026: Second-level cache disabled
2026-05-15 11:31:21.655 [main] INFO  >>> o.hibernate.orm.connections.pooling - HHH10001005: Database info:
	Database JDBC URL [Connecting through datasource 'HikariDataSource (HikariPool-1)']
	Database driver: undefined/unknown
	Database version: 2.3.232
	Autocommit mode: undefined/unknown
	Isolation level: undefined/unknown
	Minimum pool size: undefined/unknown
	Maximum pool size: undefined/unknown
2026-05-15 11:31:22.775 [main] INFO  >>> o.h.e.t.j.p.i.JtaPlatformInitiator - HHH000489: No JTA platform available (set 'hibernate.transaction.jta.platform' to enable JTA platform integration)
2026-05-15 11:31:26.262 [main] INFO  >>> o.a.coyote.http11.Http11NioProtocol - Starting ProtocolHandler ["http-nio-8080"]
2026-05-15 11:31:26.299 [main] INFO  >>> b.i.p.Produto12026Application - Started Produto12026Application in 8.381 seconds (process running for 9.151)
2026-05-15 11:31:26.430 [main] WARN  >>> o.s.c.events.SpringDocAppInitializer - SpringDoc /api-docs endpoint is enabled by default. To disable it in production, set the property 'springdoc.api-docs.enabled=false'
2026-05-15 11:31:26.431 [main] WARN  >>> o.s.c.events.SpringDocAppInitializer - SpringDoc /swagger-ui.html endpoint is enabled by default. To disable it in production, set the property 'springdoc.swagger-ui.enabled=false'
2026-05-15 11:44:56.590 [SpringApplicationShutdownHook] INFO  >>> com.zaxxer.hikari.HikariDataSource - HikariPool-1 - Shutdown initiated...
2026-05-15 11:44:56.592 [SpringApplicationShutdownHook] INFO  >>> com.zaxxer.hikari.HikariDataSource - HikariPool-1 - Shutdown completed.
